
> mylivelinks@1.0.0 build
> next build

  Γû▓ Next.js 14.2.35
  - Environments: .env.local

   Creating an optimized production build ...
 Γ£ô Compiled successfully
   Linting and checking validity of types ...

./app/admin/gifts/page.tsx
601:29  Warning: Use <Input> from '@/components/ui' instead of raw <input>. This ensures consistent styling and validation.  no-restricted-syntax
789:33  Warning: Use <Input> from '@/components/ui' instead of raw <input>. This ensures consistent styling and validation.  no-restricted-syntax
798:33  Warning: Use <Input> from '@/components/ui' instead of raw <input>. This ensures consistent styling and validation.  no-restricted-syntax

./app/api/og/profile/route.tsx
45:25  Warning: Avoid hardcoded hex colors. Use design tokens: text-primary, bg-muted, border-border, etc.  no-restricted-syntax

./app/api/og/route.tsx
65:24  Warning: Avoid hardcoded hex colors. Use design tokens: text-primary, bg-muted, border-border, etc.  no-restricted-syntax
76:24  Warning: Avoid hardcoded hex colors. Use design tokens: text-primary, bg-muted, border-border, etc.  no-restricted-syntax
87:24  Warning: Avoid hardcoded hex colors. Use design tokens: text-primary, bg-muted, border-border, etc.  no-restricted-syntax
132:25  Warning: Avoid hardcoded hex colors. Use design tokens: text-primary, bg-muted, border-border, etc.  no-restricted-syntax

./app/gifter-levels/page.tsx
113:17  Warning: Use <Button> or <IconButton> from '@/components/ui' instead of raw <button>. This ensures consistent styling and accessibility.  no-restricted-syntax
183:17  Warning: Use <Button> or <IconButton> from '@/components/ui' instead of raw <button>. This ensures consistent styling and accessibility.  no-restricted-syntax
242:13  Warning: Use <Button> or <IconButton> from '@/components/ui' instead of raw <button>. This ensures consistent styling and accessibility.  no-restricted-syntax

./app/layout.tsx
30:42  Warning: Avoid hardcoded hex colors. Use design tokens: text-primary, bg-muted, border-border, etc.  no-restricted-syntax
32:54  Warning: Avoid hardcoded hex colors. Use design tokens: text-primary, bg-muted, border-border, etc.  no-restricted-syntax

./app/login/page.tsx
328:15  Warning: Use <Button> or <IconButton> from '@/components/ui' instead of raw <button>. This ensures consistent styling and accessibility.  no-restricted-syntax

./app/me/analytics/page.tsx
714:7  Warning: Use <Button> or <IconButton> from '@/components/ui' instead of raw <button>. This ensures consistent styling and accessibility.  no-restricted-syntax

./app/messages/page.tsx
99:19  Warning: Use <Button> or <IconButton> from '@/components/ui' instead of raw <button>. This ensures consistent styling and accessibility.  no-restricted-syntax
149:17  Warning: Use <Button> or <IconButton> from '@/components/ui' instead of raw <button>. This ensures consistent styling and accessibility.  no-restricted-syntax
220:19  Warning: Use <Button> or <IconButton> from '@/components/ui' instead of raw <button>. This ensures consistent styling and accessibility.  no-restricted-syntax

./app/onboarding/page.tsx
397:21  Warning: Use <Input> from '@/components/ui' instead of raw <input>. This ensures consistent styling and validation.  no-restricted-syntax
411:23  Warning: Use <Input> from '@/components/ui' instead of raw <input>. This ensures consistent styling and validation.  no-restricted-syntax

./app/owner/analytics/page.tsx
165:15  Warning: Use <Button> or <IconButton> from '@/components/ui' instead of raw <button>. This ensures consistent styling and accessibility.  no-restricted-syntax
185:17  Warning: Use <Input> from '@/components/ui' instead of raw <input>. This ensures consistent styling and validation.  no-restricted-syntax
196:15  Warning: Use <Button> or <IconButton> from '@/components/ui' instead of raw <button>. This ensures consistent styling and accessibility.  no-restricted-syntax
213:17  Warning: Use <Button> or <IconButton> from '@/components/ui' instead of raw <button>. This ensures consistent styling and accessibility.  no-restricted-syntax
305:36  Warning: Avoid hardcoded hex colors. Use design tokens: text-primary, bg-muted, border-border, etc.  no-restricted-syntax
305:58  Warning: Avoid hardcoded hex colors. Use design tokens: text-primary, bg-muted, border-border, etc.  no-restricted-syntax
314:36  Warning: Avoid hardcoded hex colors. Use design tokens: text-primary, bg-muted, border-border, etc.  no-restricted-syntax
314:58  Warning: Avoid hardcoded hex colors. Use design tokens: text-primary, bg-muted, border-border, etc.  no-restricted-syntax
324:34  Warning: Avoid hardcoded hex colors. Use design tokens: text-primary, bg-muted, border-border, etc.  no-restricted-syntax
434:36  Warning: Avoid hardcoded hex colors. Use design tokens: text-primary, bg-muted, border-border, etc.  no-restricted-syntax
434:58  Warning: Avoid hardcoded hex colors. Use design tokens: text-primary, bg-muted, border-border, etc.  no-restricted-syntax
442:36  Warning: Avoid hardcoded hex colors. Use design tokens: text-primary, bg-muted, border-border, etc.  no-restricted-syntax
442:58  Warning: Avoid hardcoded hex colors. Use design tokens: text-primary, bg-muted, border-border, etc.  no-restricted-syntax

./app/owner/page.tsx
927:13  Warning: Use <Button> or <IconButton> from '@/components/ui' instead of raw <button>. This ensures consistent styling and accessibility.  no-restricted-syntax
969:15  Warning: Use <Button> or <IconButton> from '@/components/ui' instead of raw <button>. This ensures consistent styling and accessibility.  no-restricted-syntax
997:11  Warning: Use <Button> or <IconButton> from '@/components/ui' instead of raw <button>. This ensures consistent styling and accessibility.  no-restricted-syntax
1013:13  Warning: Use <Button> or <IconButton> from '@/components/ui' instead of raw <button>. This ensures consistent styling and accessibility.  no-restricted-syntax
1039:13  Warning: Use <Button> or <IconButton> from '@/components/ui' instead of raw <button>. This ensures consistent styling and accessibility.  no-restricted-syntax
1115:17  Warning: Use <Button> or <IconButton> from '@/components/ui' instead of raw <button>. This ensures consistent styling and accessibility.  no-restricted-syntax
1123:17  Warning: Use <Button> or <IconButton> from '@/components/ui' instead of raw <button>. This ensures consistent styling and accessibility.  no-restricted-syntax
1131:17  Warning: Use <Button> or <IconButton> from '@/components/ui' instead of raw <button>. This ensures consistent styling and accessibility.  no-restricted-syntax
1170:25  Warning: Use <Button> or <IconButton> from '@/components/ui' instead of raw <button>. This ensures consistent styling and accessibility.  no-restricted-syntax
1200:25  Warning: Use <Button> or <IconButton> from '@/components/ui' instead of raw <button>. This ensures consistent styling and accessibility.  no-restricted-syntax
1222:17  Warning: Use <Input> from '@/components/ui' instead of raw <input>. This ensures consistent styling and validation.  no-restricted-syntax
1232:19  Warning: Use <Button> or <IconButton> from '@/components/ui' instead of raw <button>. This ensures consistent styling and accessibility.  no-restricted-syntax
1329:29  Warning: Use <Button> or <IconButton> from '@/components/ui' instead of raw <button>. This ensures consistent styling and accessibility.  no-restricted-syntax
1337:29  Warning: Use <Button> or <IconButton> from '@/components/ui' instead of raw <button>. This ensures consistent styling and accessibility.  no-restricted-syntax
1345:29  Warning: Use <Button> or <IconButton> from '@/components/ui' instead of raw <button>. This ensures consistent styling and accessibility.  no-restricted-syntax
1353:29  Warning: Use <Button> or <IconButton> from '@/components/ui' instead of raw <button>. This ensures consistent styling and accessibility.  no-restricted-syntax
1361:29  Warning: Use <Button> or <IconButton> from '@/components/ui' instead of raw <button>. This ensures consistent styling and accessibility.  no-restricted-syntax
1391:15  Warning: Use <Button> or <IconButton> from '@/components/ui' instead of raw <button>. This ensures consistent styling and accessibility.  no-restricted-syntax
1446:25  Warning: Use <Button> or <IconButton> from '@/components/ui' instead of raw <button>. This ensures consistent styling and accessibility.  no-restricted-syntax
1468:17  Warning: Use <Button> or <IconButton> from '@/components/ui' instead of raw <button>. This ensures consistent styling and accessibility.  no-restricted-syntax
1534:27  Warning: Use <Button> or <IconButton> from '@/components/ui' instead of raw <button>. This ensures consistent styling and accessibility.  no-restricted-syntax
1542:27  Warning: Use <Button> or <IconButton> from '@/components/ui' instead of raw <button>. This ensures consistent styling and accessibility.  no-restricted-syntax
1551:29  Warning: Use <Button> or <IconButton> from '@/components/ui' instead of raw <button>. This ensures consistent styling and accessibility.  no-restricted-syntax
1620:25  Warning: Use <Button> or <IconButton> from '@/components/ui' instead of raw <button>. This ensures consistent styling and accessibility.  no-restricted-syntax
1628:25  Warning: Use <Button> or <IconButton> from '@/components/ui' instead of raw <button>. This ensures consistent styling and accessibility.  no-restricted-syntax
1670:15  Warning: Use <Button> or <IconButton> from '@/components/ui' instead of raw <button>. This ensures consistent styling and accessibility.  no-restricted-syntax
1707:21  Warning: Use <Button> or <IconButton> from '@/components/ui' instead of raw <button>. This ensures consistent styling and accessibility.  no-restricted-syntax
1742:25  Warning: Use <Input> from '@/components/ui' instead of raw <input>. This ensures consistent styling and validation.  no-restricted-syntax
1752:25  Warning: Use <Input> from '@/components/ui' instead of raw <input>. This ensures consistent styling and validation.  no-restricted-syntax
1764:23  Warning: Use <Textarea> from '@/components/ui' instead of raw <textarea>. This ensures consistent styling.  no-restricted-syntax
1779:25  Warning: Use <Input> from '@/components/ui' instead of raw <input>. This ensures consistent styling and validation.  no-restricted-syntax
1801:27  Warning: Use <Button> or <IconButton> from '@/components/ui' instead of raw <button>. This ensures consistent styling and accessibility.  no-restricted-syntax
1855:25  Warning: Use <Input> from '@/components/ui' instead of raw <input>. This ensures consistent styling and validation.  no-restricted-syntax
1864:25  Warning: Use <Input> from '@/components/ui' instead of raw <input>. This ensures consistent styling and validation.  no-restricted-syntax
1875:23  Warning: Use <Input> from '@/components/ui' instead of raw <input>. This ensures consistent styling and validation.  no-restricted-syntax
1887:25  Warning: Use <Input> from '@/components/ui' instead of raw <input>. This ensures consistent styling and validation.  no-restricted-syntax
1897:27  Warning: Use <Input> from '@/components/ui' instead of raw <input>. This ensures consistent styling and validation.  no-restricted-syntax
1911:25  Warning: Use <Input> from '@/components/ui' instead of raw <input>. This ensures consistent styling and validation.  no-restricted-syntax
1923:21  Warning: Use <Button> or <IconButton> from '@/components/ui' instead of raw <button>. This ensures consistent styling and accessibility.  no-restricted-syntax
1932:21  Warning: Use <Button> or <IconButton> from '@/components/ui' instead of raw <button>. This ensures consistent styling and accessibility.  no-restricted-syntax
2020:27  Warning: Use <Button> or <IconButton> from '@/components/ui' instead of raw <button>. This ensures consistent styling and accessibility.  no-restricted-syntax
2030:27  Warning: Use <Button> or <IconButton> from '@/components/ui' instead of raw <button>. This ensures consistent styling and accessibility.  no-restricted-syntax
2052:15  Warning: Use <Button> or <IconButton> from '@/components/ui' instead of raw <button>. This ensures consistent styling and accessibility.  no-restricted-syntax
2065:15  Warning: Use <Button> or <IconButton> from '@/components/ui' instead of raw <button>. This ensures consistent styling and accessibility.  no-restricted-syntax
2104:21  Warning: Use <Button> or <IconButton> from '@/components/ui' instead of raw <button>. This ensures consistent styling and accessibility.  no-restricted-syntax
2187:25  Warning: Use <Button> or <IconButton> from '@/components/ui' instead of raw <button>. This ensures consistent styling and accessibility.  no-restricted-syntax
2426:19  Warning: Use <Button> or <IconButton> from '@/components/ui' instead of raw <button>. This ensures consistent styling and accessibility.  no-restricted-syntax
2435:19  Warning: Use <Button> or <IconButton> from '@/components/ui' instead of raw <button>. This ensures consistent styling and accessibility.  no-restricted-syntax
2444:19  Warning: Use <Button> or <IconButton> from '@/components/ui' instead of raw <button>. This ensures consistent styling and accessibility.  no-restricted-syntax
2477:17  Warning: Use <Button> or <IconButton> from '@/components/ui' instead of raw <button>. This ensures consistent styling and accessibility.  no-restricted-syntax

./app/owner/rooms/new/page.tsx
118:11  Warning: Use <Button> or <IconButton> from '@/components/ui' instead of raw <button>. This ensures consistent styling and accessibility.  no-restricted-syntax
142:15  Warning: Use <Button> or <IconButton> from '@/components/ui' instead of raw <button>. This ensures consistent styling and accessibility.  no-restricted-syntax
157:17  Warning: Use <Button> or <IconButton> from '@/components/ui' instead of raw <button>. This ensures consistent styling and accessibility.  no-restricted-syntax

./app/owner/rooms/page.tsx
285:11  Warning: Use <Button> or <IconButton> from '@/components/ui' instead of raw <button>. This ensures consistent styling and accessibility.  no-restricted-syntax

./app/owner/rooms/[roomId]/page.tsx
309:15  Warning: Use <Button> or <IconButton> from '@/components/ui' instead of raw <button>. This ensures consistent styling and accessibility.  no-restricted-syntax
442:19  Warning: Use <Input> from '@/components/ui' instead of raw <input>. This ensures consistent styling and validation.  no-restricted-syntax
452:19  Warning: Use <Input> from '@/components/ui' instead of raw <input>. This ensures consistent styling and validation.  no-restricted-syntax
465:19  Warning: Use <Input> from '@/components/ui' instead of raw <input>. This ensures consistent styling and validation.  no-restricted-syntax
503:21  Warning: Use <Button> or <IconButton> from '@/components/ui' instead of raw <button>. This ensures consistent styling and accessibility.  no-restricted-syntax
531:19  Warning: Use <Input> from '@/components/ui' instead of raw <input>. This ensures consistent styling and validation.  no-restricted-syntax
533:52  Warning: Avoid hardcoded hex colors. Use design tokens: text-primary, bg-muted, border-border, etc.  no-restricted-syntax
540:33  Warning: Avoid hardcoded hex colors. Use design tokens: text-primary, bg-muted, border-border, etc.  no-restricted-syntax

./app/owner/templates/page.tsx
180:11  Warning: Use <Button> or <IconButton> from '@/components/ui' instead of raw <button>. This ensures consistent styling and accessibility.  no-restricted-syntax

./app/owner/templates/[templateId]/page.tsx
255:19  Warning: Use <Button> or <IconButton> from '@/components/ui' instead of raw <button>. This ensures consistent styling and accessibility.  no-restricted-syntax
362:19  Warning: Use <Button> or <IconButton> from '@/components/ui' instead of raw <button>. This ensures consistent styling and accessibility.  no-restricted-syntax
381:17  Warning: Use <Input> from '@/components/ui' instead of raw <input>. This ensures consistent styling and validation.  no-restricted-syntax
383:58  Warning: Avoid hardcoded hex colors. Use design tokens: text-primary, bg-muted, border-border, etc.  no-restricted-syntax
390:31  Warning: Avoid hardcoded hex colors. Use design tokens: text-primary, bg-muted, border-border, etc.  no-restricted-syntax
413:17  Warning: Use <Input> from '@/components/ui' instead of raw <input>. This ensures consistent styling and validation.  no-restricted-syntax
424:17  Warning: Use <Input> from '@/components/ui' instead of raw <input>. This ensures consistent styling and validation.  no-restricted-syntax
441:15  Warning: Use <Input> from '@/components/ui' instead of raw <input>. This ensures consistent styling and validation.  no-restricted-syntax

./app/owner/users/[profileId]/analytics/page.tsx
325:15  Warning: Use <Button> or <IconButton> from '@/components/ui' instead of raw <button>. This ensures consistent styling and accessibility.  no-restricted-syntax
358:17  Warning: Use <Button> or <IconButton> from '@/components/ui' instead of raw <button>. This ensures consistent styling and accessibility.  no-restricted-syntax
369:15  Warning: Use <Button> or <IconButton> from '@/components/ui' instead of raw <button>. This ensures consistent styling and accessibility.  no-restricted-syntax
386:17  Warning: Use <Button> or <IconButton> from '@/components/ui' instead of raw <button>. This ensures consistent styling and accessibility.  no-restricted-syntax
535:36  Warning: Avoid hardcoded hex colors. Use design tokens: text-primary, bg-muted, border-border, etc.  no-restricted-syntax
542:36  Warning: Avoid hardcoded hex colors. Use design tokens: text-primary, bg-muted, border-border, etc.  no-restricted-syntax
635:34  Warning: Avoid hardcoded hex colors. Use design tokens: text-primary, bg-muted, border-border, etc.  no-restricted-syntax
699:34  Warning: Avoid hardcoded hex colors. Use design tokens: text-primary, bg-muted, border-border, etc.  no-restricted-syntax

./app/settings/profile/page.tsx
54:17  Warning: Avoid hardcoded hex colors. Use design tokens: text-primary, bg-muted, border-border, etc.  no-restricted-syntax
58:19  Warning: Avoid hardcoded hex colors. Use design tokens: text-primary, bg-muted, border-border, etc.  no-restricted-syntax
140:39  Warning: Avoid hardcoded hex colors. Use design tokens: text-primary, bg-muted, border-border, etc.  no-restricted-syntax
144:43  Warning: Avoid hardcoded hex colors. Use design tokens: text-primary, bg-muted, border-border, etc.  no-restricted-syntax
430:15  Warning: Use <Input> from '@/components/ui' instead of raw <input>. This ensures consistent styling and validation.  no-restricted-syntax
437:15  Warning: Use <Button> or <IconButton> from '@/components/ui' instead of raw <button>. This ensures consistent styling and accessibility.  no-restricted-syntax
454:17  Warning: Use <Input> from '@/components/ui' instead of raw <input>. This ensures consistent styling and validation.  no-restricted-syntax
474:15  Warning: Use <Input> from '@/components/ui' instead of raw <input>. This ensures consistent styling and validation.  no-restricted-syntax
484:15  Warning: Use <Textarea> from '@/components/ui' instead of raw <textarea>. This ensures consistent styling.  no-restricted-syntax
500:13  Warning: Use <Button> or <IconButton> from '@/components/ui' instead of raw <button>. This ensures consistent styling and accessibility.  no-restricted-syntax
507:13  Warning: Use <Button> or <IconButton> from '@/components/ui' instead of raw <button>. This ensures consistent styling and accessibility.  no-restricted-syntax
528:15  Warning: Use <Input> from '@/components/ui' instead of raw <input>. This ensures consistent styling and validation.  no-restricted-syntax
538:15  Warning: Use <Input> from '@/components/ui' instead of raw <input>. This ensures consistent styling and validation.  no-restricted-syntax
548:15  Warning: Use <Input> from '@/components/ui' instead of raw <input>. This ensures consistent styling and validation.  no-restricted-syntax
558:15  Warning: Use <Input> from '@/components/ui' instead of raw <input>. This ensures consistent styling and validation.  no-restricted-syntax
568:15  Warning: Use <Input> from '@/components/ui' instead of raw <input>. This ensures consistent styling and validation.  no-restricted-syntax
578:15  Warning: Use <Input> from '@/components/ui' instead of raw <input>. This ensures consistent styling and validation.  no-restricted-syntax
588:15  Warning: Use <Input> from '@/components/ui' instead of raw <input>. This ensures consistent styling and validation.  no-restricted-syntax
598:15  Warning: Use <Input> from '@/components/ui' instead of raw <input>. This ensures consistent styling and validation.  no-restricted-syntax
608:15  Warning: Use <Input> from '@/components/ui' instead of raw <input>. This ensures consistent styling and validation.  no-restricted-syntax
618:15  Warning: Use <Input> from '@/components/ui' instead of raw <input>. This ensures consistent styling and validation.  no-restricted-syntax
628:15  Warning: Use <Input> from '@/components/ui' instead of raw <input>. This ensures consistent styling and validation.  no-restricted-syntax
638:15  Warning: Use <Input> from '@/components/ui' instead of raw <input>. This ensures consistent styling and validation.  no-restricted-syntax
708:15  Warning: Use <Input> from '@/components/ui' instead of raw <input>. This ensures consistent styling and validation.  no-restricted-syntax
715:15  Warning: Use <Button> or <IconButton> from '@/components/ui' instead of raw <button>. This ensures consistent styling and accessibility.  no-restricted-syntax
725:15  Warning: Use <Textarea> from '@/components/ui' instead of raw <textarea>. This ensures consistent styling.  no-restricted-syntax
736:15  Warning: Use <Button> or <IconButton> from '@/components/ui' instead of raw <button>. This ensures consistent styling and accessibility.  no-restricted-syntax
750:13  Warning: Use <Button> or <IconButton> from '@/components/ui' instead of raw <button>. This ensures consistent styling and accessibility.  no-restricted-syntax
762:19  Warning: Use <Input> from '@/components/ui' instead of raw <input>. This ensures consistent styling and validation.  no-restricted-syntax
769:19  Warning: Use <Input> from '@/components/ui' instead of raw <input>. This ensures consistent styling and validation.  no-restricted-syntax
778:19  Warning: Use <Button> or <IconButton> from '@/components/ui' instead of raw <button>. This ensures consistent styling and accessibility.  no-restricted-syntax
786:19  Warning: Use <Button> or <IconButton> from '@/components/ui' instead of raw <button>. This ensures consistent styling and accessibility.  no-restricted-syntax
794:19  Warning: Use <Button> or <IconButton> from '@/components/ui' instead of raw <button>. This ensures consistent styling and accessibility.  no-restricted-syntax
815:11  Warning: Use <Button> or <IconButton> from '@/components/ui' instead of raw <button>. This ensures consistent styling and accessibility.  no-restricted-syntax
822:11  Warning: Use <Button> or <IconButton> from '@/components/ui' instead of raw <button>. This ensures consistent styling and accessibility.  no-restricted-syntax

./app/u/[username]/analytics/page.tsx
217:11  Warning: Use <Button> or <IconButton> from '@/components/ui' instead of raw <button>. This ensures consistent styling and accessibility.  no-restricted-syntax
235:15  Warning: Use <Button> or <IconButton> from '@/components/ui' instead of raw <button>. This ensures consistent styling and accessibility.  no-restricted-syntax
266:15  Warning: Use <Button> or <IconButton> from '@/components/ui' instead of raw <button>. This ensures consistent styling and accessibility.  no-restricted-syntax
274:15  Warning: Use <Button> or <IconButton> from '@/components/ui' instead of raw <button>. This ensures consistent styling and accessibility.  no-restricted-syntax
290:17  Warning: Use <Button> or <IconButton> from '@/components/ui' instead of raw <button>. This ensures consistent styling and accessibility.  no-restricted-syntax

./app/ui-kit/page.tsx
637:19  Warning: Use <Button> or <IconButton> from '@/components/ui' instead of raw <button>. This ensures consistent styling and accessibility.  no-restricted-syntax
641:19  Warning: Use <Button> or <IconButton> from '@/components/ui' instead of raw <button>. This ensures consistent styling and accessibility.  no-restricted-syntax
646:19  Warning: Use <Button> or <IconButton> from '@/components/ui' instead of raw <button>. This ensures consistent styling and accessibility.  no-restricted-syntax

./app/[username]/modern-page.tsx
370:44  Warning: Avoid hardcoded hex colors. Use design tokens: text-primary, bg-muted, border-border, etc.  no-restricted-syntax
387:47  Warning: Avoid hardcoded hex colors. Use design tokens: text-primary, bg-muted, border-border, etc.  no-restricted-syntax
562:23  Warning: Use <Button> or <IconButton> from '@/components/ui' instead of raw <button>. This ensures consistent styling and accessibility.  no-restricted-syntax
572:23  Warning: Use <Button> or <IconButton> from '@/components/ui' instead of raw <button>. This ensures consistent styling and accessibility.  no-restricted-syntax
591:19  Warning: Use <Button> or <IconButton> from '@/components/ui' instead of raw <button>. This ensures consistent styling and accessibility.  no-restricted-syntax
674:13  Warning: Use <Button> or <IconButton> from '@/components/ui' instead of raw <button>. This ensures consistent styling and accessibility.  no-restricted-syntax
695:17  Warning: Use <Button> or <IconButton> from '@/components/ui' instead of raw <button>. This ensures consistent styling and accessibility.  no-restricted-syntax
706:17  Warning: Use <Button> or <IconButton> from '@/components/ui' instead of raw <button>. This ensures consistent styling and accessibility.  no-restricted-syntax
717:17  Warning: Use <Button> or <IconButton> from '@/components/ui' instead of raw <button>. This ensures consistent styling and accessibility.  no-restricted-syntax

./components/admin/AddRoleModal.tsx
128:11  Warning: Use <Button> or <IconButton> from '@/components/ui' instead of raw <button>. This ensures consistent styling and accessibility.  no-restricted-syntax
144:13  Warning: Use <Input> from '@/components/ui' instead of raw <input>. This ensures consistent styling and validation.  no-restricted-syntax
182:17  Warning: Use <Button> or <IconButton> from '@/components/ui' instead of raw <button>. This ensures consistent styling and accessibility.  no-restricted-syntax
251:11  Warning: Use <Button> or <IconButton> from '@/components/ui' instead of raw <button>. This ensures consistent styling and accessibility.  no-restricted-syntax
257:11  Warning: Use <Button> or <IconButton> from '@/components/ui' instead of raw <button>. This ensures consistent styling and accessibility.  no-restricted-syntax

./components/admin/RoleUserRow.tsx
93:9  Warning: Use <Button> or <IconButton> from '@/components/ui' instead of raw <button>. This ensures consistent styling and accessibility.  no-restricted-syntax

./components/admin/RoomRolesPanel.tsx
50:9  Warning: Use <Button> or <IconButton> from '@/components/ui' instead of raw <button>. This ensures consistent styling and accessibility.  no-restricted-syntax
85:13  Warning: Use <Button> or <IconButton> from '@/components/ui' instead of raw <button>. This ensures consistent styling and accessibility.  no-restricted-syntax
128:13  Warning: Use <Button> or <IconButton> from '@/components/ui' instead of raw <button>. This ensures consistent styling and accessibility.  no-restricted-syntax

./components/AdminModeration.tsx
183:11  Warning: Use <Button> or <IconButton> from '@/components/ui' instead of raw <button>. This ensures consistent styling and accessibility.  no-restricted-syntax
189:11  Warning: Use <Button> or <IconButton> from '@/components/ui' instead of raw <button>. This ensures consistent styling and accessibility.  no-restricted-syntax
195:11  Warning: Use <Button> or <IconButton> from '@/components/ui' instead of raw <button>. This ensures consistent styling and accessibility.  no-restricted-syntax
207:15  Warning: Use <Input> from '@/components/ui' instead of raw <input>. This ensures consistent styling and validation.  no-restricted-syntax
219:13  Warning: Use <Textarea> from '@/components/ui' instead of raw <textarea>. This ensures consistent styling.  no-restricted-syntax
229:13  Warning: Use <Button> or <IconButton> from '@/components/ui' instead of raw <button>. This ensures consistent styling and accessibility.  no-restricted-syntax
248:13  Warning: Use <Button> or <IconButton> from '@/components/ui' instead of raw <button>. This ensures consistent styling and accessibility.  no-restricted-syntax

./components/adult/AdultConsentModal.tsx
75:11  Warning: Use <Button> or <IconButton> from '@/components/ui' instead of raw <button>. This ensures consistent styling and accessibility.  no-restricted-syntax
99:13  Warning: Use <Input> from '@/components/ui' instead of raw <input>. This ensures consistent styling and validation.  no-restricted-syntax
112:13  Warning: Use <Input> from '@/components/ui' instead of raw <input>. This ensures consistent styling and validation.  no-restricted-syntax
131:11  Warning: Use <Button> or <IconButton> from '@/components/ui' instead of raw <button>. This ensures consistent styling and accessibility.  no-restricted-syntax
137:11  Warning: Use <Button> or <IconButton> from '@/components/ui' instead of raw <button>. This ensures consistent styling and accessibility.  no-restricted-syntax

./components/adult/AdultLinksSection.tsx
117:28  Warning: Avoid hardcoded hex colors. Use design tokens: text-primary, bg-muted, border-border, etc.  no-restricted-syntax
146:17  Warning: Use <Button> or <IconButton> from '@/components/ui' instead of raw <button>. This ensures consistent styling and accessibility.  no-restricted-syntax
159:17  Warning: Use <Button> or <IconButton> from '@/components/ui' instead of raw <button>. This ensures consistent styling and accessibility.  no-restricted-syntax

./components/AgeVerificationModal.tsx
154:13  Warning: Use <Input> from '@/components/ui' instead of raw <input>. This ensures consistent styling and validation.  no-restricted-syntax
174:13  Warning: Use <Button> or <IconButton> from '@/components/ui' instead of raw <button>. This ensures consistent styling and accessibility.  no-restricted-syntax

./components/analytics/AnalyticsChart.tsx
28:23  Warning: Avoid hardcoded hex colors. Use design tokens: text-primary, bg-muted, border-border, etc.  no-restricted-syntax
28:45  Warning: Avoid hardcoded hex colors. Use design tokens: text-primary, bg-muted, border-border, etc.  no-restricted-syntax
129:58  Warning: Avoid hardcoded hex colors. Use design tokens: text-primary, bg-muted, border-border, etc.  no-restricted-syntax
130:84  Warning: Avoid hardcoded hex colors. Use design tokens: text-primary, bg-muted, border-border, etc.  no-restricted-syntax
131:86  Warning: Avoid hardcoded hex colors. Use design tokens: text-primary, bg-muted, border-border, etc.  no-restricted-syntax

./components/analytics/DateRangePicker.tsx
83:7  Warning: Use <Button> or <IconButton> from '@/components/ui' instead of raw <button>. This ensures consistent styling and accessibility.  no-restricted-syntax
95:13  Warning: Use <Button> or <IconButton> from '@/components/ui' instead of raw <button>. This ensures consistent styling and accessibility.  no-restricted-syntax

./components/BlockedUsersModal.tsx
145:11  Warning: Use <Button> or <IconButton> from '@/components/ui' instead of raw <button>. This ensures consistent styling and accessibility.  no-restricted-syntax
202:19  Warning: Use <Button> or <IconButton> from '@/components/ui' instead of raw <button>. This ensures consistent styling and accessibility.  no-restricted-syntax

./components/Chat.tsx
530:23  Warning: Use <Button> or <IconButton> from '@/components/ui' instead of raw <button>. This ensures consistent styling and accessibility.  no-restricted-syntax
580:13  Warning: Use <Input> from '@/components/ui' instead of raw <input>. This ensures consistent styling and validation.  no-restricted-syntax
594:13  Warning: Use <Button> or <IconButton> from '@/components/ui' instead of raw <button>. This ensures consistent styling and accessibility.  no-restricted-syntax

./components/CoinPurchaseSection.tsx
232:15  Warning: Use <Button> or <IconButton> from '@/components/ui' instead of raw <button>. This ensures consistent styling and accessibility.  no-restricted-syntax

./components/ComingSoonLanding.tsx
168:15  Warning: Use <Button> or <IconButton> from '@/components/ui' instead of raw <button>. This ensures consistent styling and accessibility.  no-restricted-syntax
174:15  Warning: Use <Button> or <IconButton> from '@/components/ui' instead of raw <button>. This ensures consistent styling and accessibility.  no-restricted-syntax
183:13  Warning: Use <Button> or <IconButton> from '@/components/ui' instead of raw <button>. This ensures consistent styling and accessibility.  no-restricted-syntax
252:15  Warning: Use <Button> or <IconButton> from '@/components/ui' instead of raw <button>. This ensures consistent styling and accessibility.  no-restricted-syntax
281:19  Warning: Use <Input> from '@/components/ui' instead of raw <input>. This ensures consistent styling and validation.  no-restricted-syntax
291:21  Warning: Use <Button> or <IconButton> from '@/components/ui' instead of raw <button>. This ensures consistent styling and accessibility.  no-restricted-syntax
297:21  Warning: Use <Button> or <IconButton> from '@/components/ui' instead of raw <button>. This ensures consistent styling and accessibility.  no-restricted-syntax

./components/ErrorBoundary.tsx
38:13  Warning: Use <Button> or <IconButton> from '@/components/ui' instead of raw <button>. This ensures consistent styling and accessibility.  no-restricted-syntax

./components/feed/FeedPostCard.tsx
84:5  Warning: Use <Button> or <IconButton> from '@/components/ui' instead of raw <button>. This ensures consistent styling and accessibility.  no-restricted-syntax
132:9  Warning: Use <Button> or <IconButton> from '@/components/ui' instead of raw <button>. This ensures consistent styling and accessibility.  no-restricted-syntax

./components/feed/PublicFeedClient.tsx
323:21  Warning: Use <Button> or <IconButton> from '@/components/ui' instead of raw <button>. This ensures consistent styling and accessibility.  no-restricted-syntax

./components/gifter/TierDetail.tsx
81:11  Warning: Use <Button> or <IconButton> from '@/components/ui' instead of raw <button>. This ensures consistent styling and accessibility.  no-restricted-syntax

./components/gifter/TierList.tsx
122:15  Warning: Use <Button> or <IconButton> from '@/components/ui' instead of raw <button>. This ensures consistent styling and accessibility.  no-restricted-syntax

./components/GifterBadge.tsx
31:38  Warning: Avoid hardcoded hex colors. Use design tokens: text-primary, bg-muted, border-border, etc.  no-restricted-syntax
74:46  Warning: Avoid hardcoded hex colors. Use design tokens: text-primary, bg-muted, border-border, etc.  no-restricted-syntax
84:18  Warning: Avoid hardcoded hex colors. Use design tokens: text-primary, bg-muted, border-border, etc.  no-restricted-syntax

./components/GiftModal.tsx
205:11  Warning: Use <Button> or <IconButton> from '@/components/ui' instead of raw <button>. This ensures consistent styling and accessibility.  no-restricted-syntax
224:13  Warning: Use <Button> or <IconButton> from '@/components/ui' instead of raw <button>. This ensures consistent styling and accessibility.  no-restricted-syntax
272:11  Warning: Use <Button> or <IconButton> from '@/components/ui' instead of raw <button>. This ensures consistent styling and accessibility.  no-restricted-syntax
279:11  Warning: Use <Button> or <IconButton> from '@/components/ui' instead of raw <button>. This ensures consistent styling and accessibility.  no-restricted-syntax

./components/GoLiveButton.tsx
775:7  Warning: Use <Button> or <IconButton> from '@/components/ui' instead of raw <button>. This ensures consistent styling and accessibility.  no-restricted-syntax
842:21  Warning: Use <Button> or <IconButton> from '@/components/ui' instead of raw <button>. This ensures consistent styling and accessibility.  no-restricted-syntax
878:23  Warning: Use <Button> or <IconButton> from '@/components/ui' instead of raw <button>. This ensures consistent styling and accessibility.  no-restricted-syntax
898:19  Warning: Use <Button> or <IconButton> from '@/components/ui' instead of raw <button>. This ensures consistent styling and accessibility.  no-restricted-syntax
955:15  Warning: Use <Button> or <IconButton> from '@/components/ui' instead of raw <button>. This ensures consistent styling and accessibility.  no-restricted-syntax
961:15  Warning: Use <Button> or <IconButton> from '@/components/ui' instead of raw <button>. This ensures consistent styling and accessibility.  no-restricted-syntax
1021:15  Warning: Use <Button> or <IconButton> from '@/components/ui' instead of raw <button>. This ensures consistent styling and accessibility.  no-restricted-syntax
1027:15  Warning: Use <Button> or <IconButton> from '@/components/ui' instead of raw <button>. This ensures consistent styling and accessibility.  no-restricted-syntax

./components/HelpFAQModal.tsx
130:11  Warning: Use <Button> or <IconButton> from '@/components/ui' instead of raw <button>. This ensures consistent styling and accessibility.  no-restricted-syntax
147:17  Warning: Use <Button> or <IconButton> from '@/components/ui' instead of raw <button>. This ensures consistent styling and accessibility.  no-restricted-syntax
178:27  Warning: Use <Button> or <IconButton> from '@/components/ui' instead of raw <button>. This ensures consistent styling and accessibility.  no-restricted-syntax

./components/im/IMChatWindow.tsx
171:11  Warning: Use <Button> or <IconButton> from '@/components/ui' instead of raw <button>. This ensures consistent styling and accessibility.  no-restricted-syntax
232:11  Warning: Use <Button> or <IconButton> from '@/components/ui' instead of raw <button>. This ensures consistent styling and accessibility.  no-restricted-syntax
235:11  Warning: Use <Button> or <IconButton> from '@/components/ui' instead of raw <button>. This ensures consistent styling and accessibility.  no-restricted-syntax
238:11  Warning: Use <Button> or <IconButton> from '@/components/ui' instead of raw <button>. This ensures consistent styling and accessibility.  no-restricted-syntax
244:11  Warning: Use <Button> or <IconButton> from '@/components/ui' instead of raw <button>. This ensures consistent styling and accessibility.  no-restricted-syntax
317:11  Warning: Use <Button> or <IconButton> from '@/components/ui' instead of raw <button>. This ensures consistent styling and accessibility.  no-restricted-syntax
321:11  Warning: Use <Input> from '@/components/ui' instead of raw <input>. This ensures consistent styling and validation.  no-restricted-syntax
332:11  Warning: Use <Button> or <IconButton> from '@/components/ui' instead of raw <button>. This ensures consistent styling and accessibility.  no-restricted-syntax

./components/layout/patterns/DashboardPage.tsx
165:17  Warning: Use <Button> or <IconButton> from '@/components/ui' instead of raw <button>. This ensures consistent styling and accessibility.  no-restricted-syntax

./components/layout/patterns/DetailPage.tsx
145:19  Warning: Use <Button> or <IconButton> from '@/components/ui' instead of raw <button>. This ensures consistent styling and accessibility.  no-restricted-syntax

./components/layout/patterns/ProfilePage.tsx
249:15  Warning: Use <Button> or <IconButton> from '@/components/ui' instead of raw <button>. This ensures consistent styling and accessibility.  no-restricted-syntax
275:19  Warning: Use <Button> or <IconButton> from '@/components/ui' instead of raw <button>. This ensures consistent styling and accessibility.  no-restricted-syntax

./components/Leaderboard.tsx
232:9  Warning: Use <Button> or <IconButton> from '@/components/ui' instead of raw <button>. This ensures consistent styling and accessibility.  no-restricted-syntax
242:9  Warning: Use <Button> or <IconButton> from '@/components/ui' instead of raw <button>. This ensures consistent styling and accessibility.  no-restricted-syntax
257:11  Warning: Use <Button> or <IconButton> from '@/components/ui' instead of raw <button>. This ensures consistent styling and accessibility.  no-restricted-syntax

./components/LeaderboardModal.tsx
140:13  Warning: Use <Button> or <IconButton> from '@/components/ui' instead of raw <button>. This ensures consistent styling and accessibility.  no-restricted-syntax
150:13  Warning: Use <Button> or <IconButton> from '@/components/ui' instead of raw <button>. This ensures consistent styling and accessibility.  no-restricted-syntax
160:13  Warning: Use <Button> or <IconButton> from '@/components/ui' instead of raw <button>. This ensures consistent styling and accessibility.  no-restricted-syntax
175:15  Warning: Use <Button> or <IconButton> from '@/components/ui' instead of raw <button>. This ensures consistent styling and accessibility.  no-restricted-syntax

./components/LiveRoom.tsx
2703:13  Warning: Use <Button> or <IconButton> from '@/components/ui' instead of raw <button>. This ensures consistent styling and accessibility.  no-restricted-syntax
2715:13  Warning: Use <Button> or <IconButton> from '@/components/ui' instead of raw <button>. This ensures consistent styling and accessibility.  no-restricted-syntax
2727:13  Warning: Use <Button> or <IconButton> from '@/components/ui' instead of raw <button>. This ensures consistent styling and accessibility.  no-restricted-syntax
2739:13  Warning: Use <Button> or <IconButton> from '@/components/ui' instead of raw <button>. This ensures consistent styling and accessibility.  no-restricted-syntax
2775:13  Warning: Use <Button> or <IconButton> from '@/components/ui' instead of raw <button>. This ensures consistent styling and accessibility.  no-restricted-syntax
2783:13  Warning: Use <Button> or <IconButton> from '@/components/ui' instead of raw <button>. This ensures consistent styling and accessibility.  no-restricted-syntax

./components/LiveRoomErrorBoundary.tsx
50:15  Warning: Use <Button> or <IconButton> from '@/components/ui' instead of raw <button>. This ensures consistent styling and accessibility.  no-restricted-syntax

./components/messages/ConversationList.tsx
69:11  Warning: Use <Input> from '@/components/ui' instead of raw <input>. This ensures consistent styling and validation.  no-restricted-syntax
112:5  Warning: Use <Button> or <IconButton> from '@/components/ui' instead of raw <button>. This ensures consistent styling and accessibility.  no-restricted-syntax

./components/messages/FriendsList.tsx
237:13  Warning: Use <Input> from '@/components/ui' instead of raw <input>. This ensures consistent styling and validation.  no-restricted-syntax
302:5  Warning: Use <Button> or <IconButton> from '@/components/ui' instead of raw <button>. This ensures consistent styling and accessibility.  no-restricted-syntax
355:5  Warning: Use <Button> or <IconButton> from '@/components/ui' instead of raw <button>. This ensures consistent styling and accessibility.  no-restricted-syntax

./components/messages/GiftPickerMini.tsx
139:11  Warning: Use <Button> or <IconButton> from '@/components/ui' instead of raw <button>. This ensures consistent styling and accessibility.  no-restricted-syntax
163:17  Warning: Use <Button> or <IconButton> from '@/components/ui' instead of raw <button>. This ensures consistent styling and accessibility.  no-restricted-syntax
212:13  Warning: Use <Button> or <IconButton> from '@/components/ui' instead of raw <button>. This ensures consistent styling and accessibility.  no-restricted-syntax

./components/messages/MessagesModal.tsx
137:17  Warning: Use <Button> or <IconButton> from '@/components/ui' instead of raw <button>. This ensures consistent styling and accessibility.  no-restricted-syntax
140:17  Warning: Use <Button> or <IconButton> from '@/components/ui' instead of raw <button>. This ensures consistent styling and accessibility.  no-restricted-syntax
186:13  Warning: Use <Button> or <IconButton> from '@/components/ui' instead of raw <button>. This ensures consistent styling and accessibility.  no-restricted-syntax

./components/messages/MessageThread.tsx
205:11  Warning: Use <Button> or <IconButton> from '@/components/ui' instead of raw <button>. This ensures consistent styling and accessibility.  no-restricted-syntax
243:11  Warning: Use <Button> or <IconButton> from '@/components/ui' instead of raw <button>. This ensures consistent styling and accessibility.  no-restricted-syntax
256:11  Warning: Use <Button> or <IconButton> from '@/components/ui' instead of raw <button>. This ensures consistent styling and accessibility.  no-restricted-syntax
321:11  Warning: Use <Button> or <IconButton> from '@/components/ui' instead of raw <button>. This ensures consistent styling and accessibility.  no-restricted-syntax
333:11  Warning: Use <Button> or <IconButton> from '@/components/ui' instead of raw <button>. This ensures consistent styling and accessibility.  no-restricted-syntax
342:11  Warning: Use <Input> from '@/components/ui' instead of raw <input>. This ensures consistent styling and validation.  no-restricted-syntax
351:11  Warning: Use <Button> or <IconButton> from '@/components/ui' instead of raw <button>. This ensures consistent styling and accessibility.  no-restricted-syntax
364:19  Warning: Use <Button> or <IconButton> from '@/components/ui' instead of raw <button>. This ensures consistent styling and accessibility.  no-restricted-syntax
378:11  Warning: Use <Input> from '@/components/ui' instead of raw <input>. This ensures consistent styling and validation.  no-restricted-syntax
391:11  Warning: Use <Button> or <IconButton> from '@/components/ui' instead of raw <button>. This ensures consistent styling and accessibility.  no-restricted-syntax

./components/MiniProfile.tsx
164:9  Warning: Use <Button> or <IconButton> from '@/components/ui' instead of raw <button>. This ensures consistent styling and accessibility.  no-restricted-syntax
220:57  Warning: Avoid hardcoded hex colors. Use design tokens: text-primary, bg-muted, border-border, etc.  no-restricted-syntax
221:44  Warning: Avoid hardcoded hex colors. Use design tokens: text-primary, bg-muted, border-border, etc.  no-restricted-syntax
222:58  Warning: Avoid hardcoded hex colors. Use design tokens: text-primary, bg-muted, border-border, etc.  no-restricted-syntax
238:15  Warning: Use <Button> or <IconButton> from '@/components/ui' instead of raw <button>. This ensures consistent styling and accessibility.  no-restricted-syntax
248:15  Warning: Use <Button> or <IconButton> from '@/components/ui' instead of raw <button>. This ensures consistent styling and accessibility.  no-restricted-syntax
256:17  Warning: Use <Button> or <IconButton> from '@/components/ui' instead of raw <button>. This ensures consistent styling and accessibility.  no-restricted-syntax
264:17  Warning: Use <Button> or <IconButton> from '@/components/ui' instead of raw <button>. This ensures consistent styling and accessibility.  no-restricted-syntax
279:17  Warning: Use <Button> or <IconButton> from '@/components/ui' instead of raw <button>. This ensures consistent styling and accessibility.  no-restricted-syntax
287:17  Warning: Use <Button> or <IconButton> from '@/components/ui' instead of raw <button>. This ensures consistent styling and accessibility.  no-restricted-syntax

./components/mobile/MobileWebWatchLayout.tsx
227:11  Warning: Use <Button> or <IconButton> from '@/components/ui' instead of raw <button>. This ensures consistent styling and accessibility.  no-restricted-syntax
249:13  Warning: Use <Button> or <IconButton> from '@/components/ui' instead of raw <button>. This ensures consistent styling and accessibility.  no-restricted-syntax
385:11  Warning: Use <Button> or <IconButton> from '@/components/ui' instead of raw <button>. This ensures consistent styling and accessibility.  no-restricted-syntax
395:11  Warning: Use <Button> or <IconButton> from '@/components/ui' instead of raw <button>. This ensures consistent styling and accessibility.  no-restricted-syntax
405:11  Warning: Use <Button> or <IconButton> from '@/components/ui' instead of raw <button>. This ensures consistent styling and accessibility.  no-restricted-syntax

./components/noties/NotiesModal.tsx
152:15  Warning: Use <Button> or <IconButton> from '@/components/ui' instead of raw <button>. This ensures consistent styling and accessibility.  no-restricted-syntax
160:13  Warning: Use <Button> or <IconButton> from '@/components/ui' instead of raw <button>. This ensures consistent styling and accessibility.  no-restricted-syntax
172:13  Warning: Use <Button> or <IconButton> from '@/components/ui' instead of raw <button>. This ensures consistent styling and accessibility.  no-restricted-syntax
231:11  Warning: Use <Button> or <IconButton> from '@/components/ui' instead of raw <button>. This ensures consistent styling and accessibility.  no-restricted-syntax
244:11  Warning: Use <Button> or <IconButton> from '@/components/ui' instead of raw <button>. This ensures consistent styling and accessibility.  no-restricted-syntax
303:5  Warning: Use <Button> or <IconButton> from '@/components/ui' instead of raw <button>. This ensures consistent styling and accessibility.  no-restricted-syntax

./components/OptionsMenu.tsx
139:9  Warning: Use <Button> or <IconButton> from '@/components/ui' instead of raw <button>. This ensures consistent styling and accessibility.  no-restricted-syntax
167:17  Warning: Use <Button> or <IconButton> from '@/components/ui' instead of raw <button>. This ensures consistent styling and accessibility.  no-restricted-syntax
176:17  Warning: Use <Button> or <IconButton> from '@/components/ui' instead of raw <button>. This ensures consistent styling and accessibility.  no-restricted-syntax
201:17  Warning: Use <Button> or <IconButton> from '@/components/ui' instead of raw <button>. This ensures consistent styling and accessibility.  no-restricted-syntax
210:17  Warning: Use <Button> or <IconButton> from '@/components/ui' instead of raw <button>. This ensures consistent styling and accessibility.  no-restricted-syntax
230:19  Warning: Use <Input> from '@/components/ui' instead of raw <input>. This ensures consistent styling and validation.  no-restricted-syntax
239:19  Warning: Use <Input> from '@/components/ui' instead of raw <input>. This ensures consistent styling and validation.  no-restricted-syntax
248:19  Warning: Use <Input> from '@/components/ui' instead of raw <input>. This ensures consistent styling and validation.  no-restricted-syntax
264:17  Warning: Use <Button> or <IconButton> from '@/components/ui' instead of raw <button>. This ensures consistent styling and accessibility.  no-restricted-syntax
273:17  Warning: Use <Button> or <IconButton> from '@/components/ui' instead of raw <button>. This ensures consistent styling and accessibility.  no-restricted-syntax
320:21  Warning: Use <Button> or <IconButton> from '@/components/ui' instead of raw <button>. This ensures consistent styling and accessibility.  no-restricted-syntax

./components/owner/BannerUploader.tsx
126:15  Warning: Use <Button> or <IconButton> from '@/components/ui' instead of raw <button>. This ensures consistent styling and accessibility.  no-restricted-syntax
138:17  Warning: Use <Button> or <IconButton> from '@/components/ui' instead of raw <button>. This ensures consistent styling and accessibility.  no-restricted-syntax
178:9  Warning: Use <Input> from '@/components/ui' instead of raw <input>. This ensures consistent styling and validation.  no-restricted-syntax

./components/owner/RoomForm.tsx
169:15  Warning: Use <Button> or <IconButton> from '@/components/ui' instead of raw <button>. This ensures consistent styling and accessibility.  no-restricted-syntax
358:13  Warning: Use <Input> from '@/components/ui' instead of raw <input>. This ensures consistent styling and validation.  no-restricted-syntax
369:13  Warning: Use <Input> from '@/components/ui' instead of raw <input>. This ensures consistent styling and validation.  no-restricted-syntax
386:11  Warning: Use <Input> from '@/components/ui' instead of raw <input>. This ensures consistent styling and validation.  no-restricted-syntax

./components/owner/RoomRow.tsx
131:9  Warning: Use <Button> or <IconButton> from '@/components/ui' instead of raw <button>. This ensures consistent styling and accessibility.  no-restricted-syntax
139:9  Warning: Use <Button> or <IconButton> from '@/components/ui' instead of raw <button>. This ensures consistent styling and accessibility.  no-restricted-syntax
149:11  Warning: Use <Button> or <IconButton> from '@/components/ui' instead of raw <button>. This ensures consistent styling and accessibility.  no-restricted-syntax
169:17  Warning: Use <Button> or <IconButton> from '@/components/ui' instead of raw <button>. This ensures consistent styling and accessibility.  no-restricted-syntax
189:11  Warning: Use <Button> or <IconButton> from '@/components/ui' instead of raw <button>. This ensures consistent styling and accessibility.  no-restricted-syntax
199:15  Warning: Use <Button> or <IconButton> from '@/components/ui' instead of raw <button>. This ensures consistent styling and accessibility.  no-restricted-syntax
219:17  Warning: Use <Button> or <IconButton> from '@/components/ui' instead of raw <button>. This ensures consistent styling and accessibility.  no-restricted-syntax

./components/owner/TemplateCard.tsx
61:13  Warning: Use <Button> or <IconButton> from '@/components/ui' instead of raw <button>. This ensures consistent styling and accessibility.  no-restricted-syntax
65:15  Warning: Use <Button> or <IconButton> from '@/components/ui' instead of raw <button>. This ensures consistent styling and accessibility.  no-restricted-syntax
72:15  Warning: Use <Button> or <IconButton> from '@/components/ui' instead of raw <button>. This ensures consistent styling and accessibility.  no-restricted-syntax
80:17  Warning: Use <Button> or <IconButton> from '@/components/ui' instead of raw <button>. This ensures consistent styling and accessibility.  no-restricted-syntax
137:9  Warning: Use <Button> or <IconButton> from '@/components/ui' instead of raw <button>. This ensures consistent styling and accessibility.  no-restricted-syntax

./components/photos/MediaViewerModal.tsx
141:9  Warning: Use <Button> or <IconButton> from '@/components/ui' instead of raw <button>. This ensures consistent styling and accessibility.  no-restricted-syntax
159:13  Warning: Use <Button> or <IconButton> from '@/components/ui' instead of raw <button>. This ensures consistent styling and accessibility.  no-restricted-syntax
186:17  Warning: Use <Button> or <IconButton> from '@/components/ui' instead of raw <button>. This ensures consistent styling and accessibility.  no-restricted-syntax
211:21  Warning: Use <Button> or <IconButton> from '@/components/ui' instead of raw <button>. This ensures consistent styling and accessibility.  no-restricted-syntax
245:13  Warning: Use <Button> or <IconButton> from '@/components/ui' instead of raw <button>. This ensures consistent styling and accessibility.  no-restricted-syntax
265:17  Warning: Use <Button> or <IconButton> from '@/components/ui' instead of raw <button>. This ensures consistent styling and accessibility.  no-restricted-syntax
355:17  Warning: Use <Button> or <IconButton> from '@/components/ui' instead of raw <button>. This ensures consistent styling and accessibility.  no-restricted-syntax
366:17  Warning: Use <Button> or <IconButton> from '@/components/ui' instead of raw <button>. This ensures consistent styling and accessibility.  no-restricted-syntax
372:17  Warning: Use <Button> or <IconButton> from '@/components/ui' instead of raw <button>. This ensures consistent styling and accessibility.  no-restricted-syntax
379:15  Warning: Use <Button> or <IconButton> from '@/components/ui' instead of raw <button>. This ensures consistent styling and accessibility.  no-restricted-syntax
399:15  Warning: Use <Input> from '@/components/ui' instead of raw <input>. This ensures consistent styling and validation.  no-restricted-syntax

./components/photos/PhotoGrid.tsx
112:5  Warning: Use <Button> or <IconButton> from '@/components/ui' instead of raw <button>. This ensures consistent styling and accessibility.  no-restricted-syntax

./components/posts/ComposerCard.tsx
55:5  Warning: Use <Button> or <IconButton> from '@/components/ui' instead of raw <button>. This ensures consistent styling and accessibility.  no-restricted-syntax
86:13  Warning: Use <Button> or <IconButton> from '@/components/ui' instead of raw <button>. This ensures consistent styling and accessibility.  no-restricted-syntax
135:15  Warning: Use <Button> or <IconButton> from '@/components/ui' instead of raw <button>. This ensures consistent styling and accessibility.  no-restricted-syntax
138:15  Warning: Use <Button> or <IconButton> from '@/components/ui' instead of raw <button>. This ensures consistent styling and accessibility.  no-restricted-syntax
141:15  Warning: Use <Button> or <IconButton> from '@/components/ui' instead of raw <button>. This ensures consistent styling and accessibility.  no-restricted-syntax
144:15  Warning: Use <Button> or <IconButton> from '@/components/ui' instead of raw <button>. This ensures consistent styling and accessibility.  no-restricted-syntax
166:15  Warning: Use <Button> or <IconButton> from '@/components/ui' instead of raw <button>. This ensures consistent styling and accessibility.  no-restricted-syntax
173:11  Warning: Use <Textarea> from '@/components/ui' instead of raw <textarea>. This ensures consistent styling.  no-restricted-syntax
191:17  Warning: Use <Button> or <IconButton> from '@/components/ui' instead of raw <button>. This ensures consistent styling and accessibility.  no-restricted-syntax
194:17  Warning: Use <Button> or <IconButton> from '@/components/ui' instead of raw <button>. This ensures consistent styling and accessibility.  no-restricted-syntax
197:17  Warning: Use <Button> or <IconButton> from '@/components/ui' instead of raw <button>. This ensures consistent styling and accessibility.  no-restricted-syntax
200:17  Warning: Use <Button> or <IconButton> from '@/components/ui' instead of raw <button>. This ensures consistent styling and accessibility.  no-restricted-syntax

./components/posts/PostCard.tsx
158:5  Warning: Use <Button> or <IconButton> from '@/components/ui' instead of raw <button>. This ensures consistent styling and accessibility.  no-restricted-syntax
213:9  Warning: Use <Button> or <IconButton> from '@/components/ui' instead of raw <button>. This ensures consistent styling and accessibility.  no-restricted-syntax
278:11  Warning: Use <Button> or <IconButton> from '@/components/ui' instead of raw <button>. This ensures consistent styling and accessibility.  no-restricted-syntax

./components/PrivacySettings.tsx
93:9  Warning: Use <Input> from '@/components/ui' instead of raw <input>. This ensures consistent styling and validation.  no-restricted-syntax
112:9  Warning: Use <Input> from '@/components/ui' instead of raw <input>. This ensures consistent styling and validation.  no-restricted-syntax
131:9  Warning: Use <Input> from '@/components/ui' instead of raw <input>. This ensures consistent styling and validation.  no-restricted-syntax
149:7  Warning: Use <Button> or <IconButton> from '@/components/ui' instead of raw <button>. This ensures consistent styling and accessibility.  no-restricted-syntax

./components/profile/FollowersModal.tsx
89:11  Warning: Use <Button> or <IconButton> from '@/components/ui' instead of raw <button>. This ensures consistent styling and accessibility.  no-restricted-syntax
167:17  Warning: Use <Button> or <IconButton> from '@/components/ui' instead of raw <button>. This ensures consistent styling and accessibility.  no-restricted-syntax

./components/profile/ModernLinksSection.tsx
72:24  Warning: Avoid hardcoded hex colors. Use design tokens: text-primary, bg-muted, border-border, etc.  no-restricted-syntax
96:24  Warning: Avoid hardcoded hex colors. Use design tokens: text-primary, bg-muted, border-border, etc.  no-restricted-syntax

./components/profile/ProfileCustomization.tsx
148:17  Warning: Use <Button> or <IconButton> from '@/components/ui' instead of raw <button>. This ensures consistent styling and accessibility.  no-restricted-syntax
163:15  Warning: Use <Input> from '@/components/ui' instead of raw <input>. This ensures consistent styling and validation.  no-restricted-syntax
215:15  Warning: Use <Input> from '@/components/ui' instead of raw <input>. This ensures consistent styling and validation.  no-restricted-syntax
217:47  Warning: Avoid hardcoded hex colors. Use design tokens: text-primary, bg-muted, border-border, etc.  no-restricted-syntax
221:15  Warning: Use <Input> from '@/components/ui' instead of raw <input>. This ensures consistent styling and validation.  no-restricted-syntax
223:47  Warning: Avoid hardcoded hex colors. Use design tokens: text-primary, bg-muted, border-border, etc.  no-restricted-syntax
225:29  Warning: Avoid hardcoded hex colors. Use design tokens: text-primary, bg-muted, border-border, etc.  no-restricted-syntax
238:13  Warning: Use <Input> from '@/components/ui' instead of raw <input>. This ensures consistent styling and validation.  no-restricted-syntax
299:15  Warning: Use <Input> from '@/components/ui' instead of raw <input>. This ensures consistent styling and validation.  no-restricted-syntax
301:49  Warning: Avoid hardcoded hex colors. Use design tokens: text-primary, bg-muted, border-border, etc.  no-restricted-syntax
305:15  Warning: Use <Input> from '@/components/ui' instead of raw <input>. This ensures consistent styling and validation.  no-restricted-syntax
307:49  Warning: Avoid hardcoded hex colors. Use design tokens: text-primary, bg-muted, border-border, etc.  no-restricted-syntax
309:29  Warning: Avoid hardcoded hex colors. Use design tokens: text-primary, bg-muted, border-border, etc.  no-restricted-syntax
331:11  Warning: Use <Input> from '@/components/ui' instead of raw <input>. This ensures consistent styling and validation.  no-restricted-syntax
354:13  Warning: Use <Input> from '@/components/ui' instead of raw <input>. This ensures consistent styling and validation.  no-restricted-syntax
382:9  Warning: Use <Button> or <IconButton> from '@/components/ui' instead of raw <button>. This ensures consistent styling and accessibility.  no-restricted-syntax

./components/profile/SocialCountsWidget.tsx
37:11  Warning: Use <Button> or <IconButton> from '@/components/ui' instead of raw <button>. This ensures consistent styling and accessibility.  no-restricted-syntax
55:11  Warning: Use <Button> or <IconButton> from '@/components/ui' instead of raw <button>. This ensures consistent styling and accessibility.  no-restricted-syntax
73:11  Warning: Use <Button> or <IconButton> from '@/components/ui' instead of raw <button>. This ensures consistent styling and accessibility.  no-restricted-syntax

./components/profile/SocialMediaBar.tsx
40:65  Warning: Avoid hardcoded hex colors. Use design tokens: text-primary, bg-muted, border-border, etc.  no-restricted-syntax
50:14  Warning: Avoid hardcoded hex colors. Use design tokens: text-primary, bg-muted, border-border, etc.  no-restricted-syntax
61:14  Warning: Avoid hardcoded hex colors. Use design tokens: text-primary, bg-muted, border-border, etc.  no-restricted-syntax
72:14  Warning: Avoid hardcoded hex colors. Use design tokens: text-primary, bg-muted, border-border, etc.  no-restricted-syntax
87:14  Warning: Avoid hardcoded hex colors. Use design tokens: text-primary, bg-muted, border-border, etc.  no-restricted-syntax
98:14  Warning: Avoid hardcoded hex colors. Use design tokens: text-primary, bg-muted, border-border, etc.  no-restricted-syntax
113:14  Warning: Avoid hardcoded hex colors. Use design tokens: text-primary, bg-muted, border-border, etc.  no-restricted-syntax
124:14  Warning: Avoid hardcoded hex colors. Use design tokens: text-primary, bg-muted, border-border, etc.  no-restricted-syntax
139:14  Warning: Avoid hardcoded hex colors. Use design tokens: text-primary, bg-muted, border-border, etc.  no-restricted-syntax
150:14  Warning: Avoid hardcoded hex colors. Use design tokens: text-primary, bg-muted, border-border, etc.  no-restricted-syntax
161:14  Warning: Avoid hardcoded hex colors. Use design tokens: text-primary, bg-muted, border-border, etc.  no-restricted-syntax
172:14  Warning: Avoid hardcoded hex colors. Use design tokens: text-primary, bg-muted, border-border, etc.  no-restricted-syntax
187:14  Warning: Avoid hardcoded hex colors. Use design tokens: text-primary, bg-muted, border-border, etc.  no-restricted-syntax
211:55  Warning: Avoid hardcoded hex colors. Use design tokens: text-primary, bg-muted, border-border, etc.  no-restricted-syntax
211:64  Warning: Avoid hardcoded hex colors. Use design tokens: text-primary, bg-muted, border-border, etc.  no-restricted-syntax

./components/ProfileCard.tsx
186:15  Warning: Use <Button> or <IconButton> from '@/components/ui' instead of raw <button>. This ensures consistent styling and accessibility.  no-restricted-syntax

./components/ProfileCarousel.tsx
176:11  Warning: Use <Button> or <IconButton> from '@/components/ui' instead of raw <button>. This ensures consistent styling and accessibility.  no-restricted-syntax
183:11  Warning: Use <Button> or <IconButton> from '@/components/ui' instead of raw <button>. This ensures consistent styling and accessibility.  no-restricted-syntax

./components/ProfileLivePlayer.tsx
485:17  Warning: Use <Button> or <IconButton> from '@/components/ui' instead of raw <button>. This ensures consistent styling and accessibility.  no-restricted-syntax
498:21  Warning: Use <Input> from '@/components/ui' instead of raw <input>. This ensures consistent styling and validation.  no-restricted-syntax
512:15  Warning: Use <Button> or <IconButton> from '@/components/ui' instead of raw <button>. This ensures consistent styling and accessibility.  no-restricted-syntax

./components/ReportModal.tsx
182:15  Warning: Use <Button> or <IconButton> from '@/components/ui' instead of raw <button>. This ensures consistent styling and accessibility.  no-restricted-syntax
224:17  Warning: Use <Textarea> from '@/components/ui' instead of raw <textarea>. This ensures consistent styling.  no-restricted-syntax
248:15  Warning: Use <Button> or <IconButton> from '@/components/ui' instead of raw <button>. This ensures consistent styling and accessibility.  no-restricted-syntax
255:15  Warning: Use <Button> or <IconButton> from '@/components/ui' instead of raw <button>. This ensures consistent styling and accessibility.  no-restricted-syntax

./components/RoomRulesModal.tsx
73:11  Warning: Use <Button> or <IconButton> from '@/components/ui' instead of raw <button>. This ensures consistent styling and accessibility.  no-restricted-syntax
120:11  Warning: Use <Button> or <IconButton> from '@/components/ui' instead of raw <button>. This ensures consistent styling and accessibility.  no-restricted-syntax

./components/rooms/RoomCard.tsx
217:11  Warning: Use <Button> or <IconButton> from '@/components/ui' instead of raw <button>. This ensures consistent styling and accessibility.  no-restricted-syntax

./components/rooms/RoomPreviewModal.tsx
102:11  Warning: Use <Button> or <IconButton> from '@/components/ui' instead of raw <button>. This ensures consistent styling and accessibility.  no-restricted-syntax
184:13  Warning: Use <Button> or <IconButton> from '@/components/ui' instead of raw <button>. This ensures consistent styling and accessibility.  no-restricted-syntax

./components/rooms/RoomsCarousel.tsx
185:11  Warning: Use <Button> or <IconButton> from '@/components/ui' instead of raw <button>. This ensures consistent styling and accessibility.  no-restricted-syntax
194:11  Warning: Use <Button> or <IconButton> from '@/components/ui' instead of raw <button>. This ensures consistent styling and accessibility.  no-restricted-syntax

./components/ShareProfileModal.tsx
109:11  Warning: Use <Button> or <IconButton> from '@/components/ui' instead of raw <button>. This ensures consistent styling and accessibility.  no-restricted-syntax
149:11  Warning: Use <Button> or <IconButton> from '@/components/ui' instead of raw <button>. This ensures consistent styling and accessibility.  no-restricted-syntax
168:13  Warning: Use <Button> or <IconButton> from '@/components/ui' instead of raw <button>. This ensures consistent styling and accessibility.  no-restricted-syntax
184:15  Warning: Use <Button> or <IconButton> from '@/components/ui' instead of raw <button>. This ensures consistent styling and accessibility.  no-restricted-syntax
196:15  Warning: Use <Button> or <IconButton> from '@/components/ui' instead of raw <button>. This ensures consistent styling and accessibility.  no-restricted-syntax
208:15  Warning: Use <Button> or <IconButton> from '@/components/ui' instead of raw <button>. This ensures consistent styling and accessibility.  no-restricted-syntax
220:15  Warning: Use <Button> or <IconButton> from '@/components/ui' instead of raw <button>. This ensures consistent styling and accessibility.  no-restricted-syntax
232:15  Warning: Use <Button> or <IconButton> from '@/components/ui' instead of raw <button>. This ensures consistent styling and accessibility.  no-restricted-syntax
244:15  Warning: Use <Button> or <IconButton> from '@/components/ui' instead of raw <button>. This ensures consistent styling and accessibility.  no-restricted-syntax

./components/ShareStreamModal.tsx
101:11  Warning: Use <Button> or <IconButton> from '@/components/ui' instead of raw <button>. This ensures consistent styling and accessibility.  no-restricted-syntax
133:11  Warning: Use <Button> or <IconButton> from '@/components/ui' instead of raw <button>. This ensures consistent styling and accessibility.  no-restricted-syntax
152:13  Warning: Use <Button> or <IconButton> from '@/components/ui' instead of raw <button>. This ensures consistent styling and accessibility.  no-restricted-syntax
168:15  Warning: Use <Button> or <IconButton> from '@/components/ui' instead of raw <button>. This ensures consistent styling and accessibility.  no-restricted-syntax
180:15  Warning: Use <Button> or <IconButton> from '@/components/ui' instead of raw <button>. This ensures consistent styling and accessibility.  no-restricted-syntax
192:15  Warning: Use <Button> or <IconButton> from '@/components/ui' instead of raw <button>. This ensures consistent styling and accessibility.  no-restricted-syntax
204:15  Warning: Use <Button> or <IconButton> from '@/components/ui' instead of raw <button>. This ensures consistent styling and accessibility.  no-restricted-syntax
216:15  Warning: Use <Button> or <IconButton> from '@/components/ui' instead of raw <button>. This ensures consistent styling and accessibility.  no-restricted-syntax
228:15  Warning: Use <Button> or <IconButton> from '@/components/ui' instead of raw <button>. This ensures consistent styling and accessibility.  no-restricted-syntax

./components/StreamerSelectionModal.tsx
90:11  Warning: Use <Input> from '@/components/ui' instead of raw <input>. This ensures consistent styling and validation.  no-restricted-syntax
106:17  Warning: Use <Button> or <IconButton> from '@/components/ui' instead of raw <button>. This ensures consistent styling and accessibility.  no-restricted-syntax
146:11  Warning: Use <Button> or <IconButton> from '@/components/ui' instead of raw <button>. This ensures consistent styling and accessibility.  no-restricted-syntax

./components/ThemeToggle.tsx
61:7  Warning: Use <Button> or <IconButton> from '@/components/ui' instead of raw <button>. This ensures consistent styling and accessibility.  no-restricted-syntax
133:15  Warning: Use <Button> or <IconButton> from '@/components/ui' instead of raw <button>. This ensures consistent styling and accessibility.  no-restricted-syntax
161:5  Warning: Use <Button> or <IconButton> from '@/components/ui' instead of raw <button>. This ensures consistent styling and accessibility.  no-restricted-syntax

./components/Tile.tsx
897:11  Warning: Use <Button> or <IconButton> from '@/components/ui' instead of raw <button>. This ensures consistent styling and accessibility.  no-restricted-syntax
917:13  Warning: Use <Button> or <IconButton> from '@/components/ui' instead of raw <button>. This ensures consistent styling and accessibility.  no-restricted-syntax
926:13  Warning: Use <Button> or <IconButton> from '@/components/ui' instead of raw <button>. This ensures consistent styling and accessibility.  no-restricted-syntax
934:11  Warning: Use <Button> or <IconButton> from '@/components/ui' instead of raw <button>. This ensures consistent styling and accessibility.  no-restricted-syntax
945:11  Warning: Use <Button> or <IconButton> from '@/components/ui' instead of raw <button>. This ensures consistent styling and accessibility.  no-restricted-syntax
959:17  Warning: Use <Button> or <IconButton> from '@/components/ui' instead of raw <button>. This ensures consistent styling and accessibility.  no-restricted-syntax
967:15  Warning: Use <Button> or <IconButton> from '@/components/ui' instead of raw <button>. This ensures consistent styling and accessibility.  no-restricted-syntax
988:15  Warning: Use <Input> from '@/components/ui' instead of raw <input>. This ensures consistent styling and validation.  no-restricted-syntax
1007:31  Warning: Avoid hardcoded hex colors in template literals. Use CSS variables: hsl(var(--primary)), etc.  no-restricted-syntax
1019:7  Warning: Use <Button> or <IconButton> from '@/components/ui' instead of raw <button>. This ensures consistent styling and accessibility.  no-restricted-syntax

./components/UserMenu.tsx
68:5  Warning: Use <Button> or <IconButton> from '@/components/ui' instead of raw <button>. This ensures consistent styling and accessibility.  no-restricted-syntax
203:7  Warning: Use <Button> or <IconButton> from '@/components/ui' instead of raw <button>. This ensures consistent styling and accessibility.  no-restricted-syntax

./components/ViewerList.tsx
279:21  Warning: Use <Button> or <IconButton> from '@/components/ui' instead of raw <button>. This ensures consistent styling and accessibility.  no-restricted-syntax
322:19  Warning: Use <Button> or <IconButton> from '@/components/ui' instead of raw <button>. This ensures consistent styling and accessibility.  no-restricted-syntax

./components/WalletModal.tsx
63:11  Warning: Use <Button> or <IconButton> from '@/components/ui' instead of raw <button>. This ensures consistent styling and accessibility.  no-restricted-syntax

info  - Need to disable some ESLint rules? Learn more here: https://nextjs.org/docs/basic-features/eslint#disabling-rules
   Collecting page data ...
node.exe :  ΓÜá Using edge runtime on a page currently disables static generation for that page
At C:\Program Files\nodejs\npm.ps1:29 char:3
+   & $NODE_EXE $NPM_CLI_JS $args
+   ~~~~~~~~~~~~~~~~~~~~~~~~~~~~~
    + CategoryInfo          : NotSpecified: ( ΓÜá Using edge...n for that page:String) [], RemoteException
    + FullyQualifiedErrorId : NativeCommandError
 
   Generating static pages (0/99) ...
GET /api/feed error: B [Error]: Dynamic server usage: Route /api/feed couldn't be rendered statically because it used 
`request.url`. See more info here: https://nextjs.org/docs/messages/dynamic-server-error
    at V (C:\mylivelinks.com\node_modules\next\dist\compiled\next-server\app-route.runtime.prod.js:6:21778)
    at Object.get (C:\mylivelinks.com\node_modules\next\dist\compiled\next-server\app-route.runtime.prod.js:6:29465)
    at u (C:\mylivelinks.com\.next\server\app\api\feed\route.js:1:832)
    at C:\mylivelinks.com\node_modules\next\dist\compiled\next-server\app-route.runtime.prod.js:6:38417
    at C:\mylivelinks.com\node_modules\next\dist\server\lib\trace\tracer.js:140:36
    at NoopContextManager.with (C:\mylivelinks.com\node_modules\next\dist\compiled\@opentelemetry\api\index.js:1:7062)
    at ContextAPI.with (C:\mylivelinks.com\node_modules\next\dist\compiled\@opentelemetry\api\index.js:1:518)
    at NoopTracer.startActiveSpan 
(C:\mylivelinks.com\node_modules\next\dist\compiled\@opentelemetry\api\index.js:1:18093)
    at ProxyTracer.startActiveSpan 
(C:\mylivelinks.com\node_modules\next\dist\compiled\@opentelemetry\api\index.js:1:18854)
    at C:\mylivelinks.com\node_modules\next\dist\server\lib\trace\tracer.js:122:103 {
  description: "Route /api/feed couldn't be rendered statically because it used `request.url`. See more info here: 
https://nextjs.org/docs/messages/dynamic-server-error",
  digest: 'DYNAMIC_SERVER_USAGE'
}
[API] gifter-status error: B [Error]: Dynamic server usage: Route /api/gifter-status couldn't be rendered statically 
because it used `request.url`. See more info here: https://nextjs.org/docs/messages/dynamic-server-error
    at V (C:\mylivelinks.com\node_modules\next\dist\compiled\next-server\app-route.runtime.prod.js:6:21778)
    at Object.get (C:\mylivelinks.com\node_modules\next\dist\compiled\next-server\app-route.runtime.prod.js:6:29465)
    at l (C:\mylivelinks.com\.next\server\app\api\gifter-status\route.js:1:870)
    at C:\mylivelinks.com\node_modules\next\dist\compiled\next-server\app-route.runtime.prod.js:6:38417
    at C:\mylivelinks.com\node_modules\next\dist\server\lib\trace\tracer.js:140:36
    at NoopContextManager.with (C:\mylivelinks.com\node_modules\next\dist\compiled\@opentelemetry\api\index.js:1:7062)
    at ContextAPI.with (C:\mylivelinks.com\node_modules\next\dist\compiled\@opentelemetry\api\index.js:1:518)
    at NoopTracer.startActiveSpan 
(C:\mylivelinks.com\node_modules\next\dist\compiled\@opentelemetry\api\index.js:1:18093)
    at ProxyTracer.startActiveSpan 
(C:\mylivelinks.com\node_modules\next\dist\compiled\@opentelemetry\api\index.js:1:18854)
    at C:\mylivelinks.com\node_modules\next\dist\server\lib\trace\tracer.js:122:103 {
  description: "Route /api/gifter-status couldn't be rendered statically because it used `request.url`. See more info 
here: https://nextjs.org/docs/messages/dynamic-server-error",
  digest: 'DYNAMIC_SERVER_USAGE'
}
B [Error]: Dynamic server usage: Route /api/analytics/me couldn't be rendered statically because it used 
`request.cookies`. See more info here: https://nextjs.org/docs/messages/dynamic-server-error
    at V (C:\mylivelinks.com\node_modules\next\dist\compiled\next-server\app-route.runtime.prod.js:6:21778)
    at Object.get (C:\mylivelinks.com\node_modules\next\dist\compiled\next-server\app-route.runtime.prod.js:6:29465)
    at Object.get (C:\mylivelinks.com\.next\server\app\api\admin\roles\app-admin\[adminId]\route.js:1:2821)
    at e (C:\mylivelinks.com\.next\server\chunks\7721.js:1:2945)
    at o (C:\mylivelinks.com\.next\server\chunks\7721.js:1:3038)
    at Object.getItem (C:\mylivelinks.com\.next\server\chunks\7721.js:1:5701)
    at tS (C:\mylivelinks.com\.next\server\chunks\7857.js:24:42638)
    at r_._recoverAndRefresh (C:\mylivelinks.com\.next\server\chunks\7857.js:37:26478)
    at r_._initialize (C:\mylivelinks.com\.next\server\chunks\7857.js:24:71731)
    at C:\mylivelinks.com\.next\server\chunks\7857.js:24:70570 {
  description: "Route /api/analytics/me couldn't be rendered statically because it used `request.cookies`. See more 
info here: https://nextjs.org/docs/messages/dynamic-server-error",
  digest: 'DYNAMIC_SERVER_USAGE'
}
GET /api/analytics/me error: B [Error]: Dynamic server usage: Route /api/analytics/me couldn't be rendered statically 
because it used `request.cookies`. See more info here: https://nextjs.org/docs/messages/dynamic-server-error
    at V (C:\mylivelinks.com\node_modules\next\dist\compiled\next-server\app-route.runtime.prod.js:6:21778)
    at Object.get (C:\mylivelinks.com\node_modules\next\dist\compiled\next-server\app-route.runtime.prod.js:6:29465)
    at Object.get (C:\mylivelinks.com\.next\server\app\api\admin\roles\app-admin\[adminId]\route.js:1:2821)
    at e (C:\mylivelinks.com\.next\server\chunks\7721.js:1:2945)
    at o (C:\mylivelinks.com\.next\server\chunks\7721.js:1:3038)
    at Object.getItem (C:\mylivelinks.com\.next\server\chunks\7721.js:1:5701)
    at tS (C:\mylivelinks.com\.next\server\chunks\7857.js:24:42638)
    at r_.__loadSession (C:\mylivelinks.com\.next\server\chunks\7857.js:37:13054)
    at r_._useSession (C:\mylivelinks.com\.next\server\chunks\7857.js:37:12791)
    at r_._getUser (C:\mylivelinks.com\.next\server\chunks\7857.js:37:15123) {
  description: "Route /api/analytics/me couldn't be rendered statically because it used `request.cookies`. See more 
info here: https://nextjs.org/docs/messages/dynamic-server-error",
  digest: 'DYNAMIC_SERVER_USAGE'
}
B [Error]: Dynamic server usage: Route /api/blocks couldn't be rendered statically because it used `request.cookies`. 
See more info here: https://nextjs.org/docs/messages/dynamic-server-error
    at V (C:\mylivelinks.com\node_modules\next\dist\compiled\next-server\app-route.runtime.prod.js:6:21778)
    at Object.get (C:\mylivelinks.com\node_modules\next\dist\compiled\next-server\app-route.runtime.prod.js:6:29465)
    at Object.get (C:\mylivelinks.com\.next\server\app\api\admin\roles\app-admin\route.js:1:2832)
    at e (C:\mylivelinks.com\.next\server\chunks\7721.js:1:2945)
    at o (C:\mylivelinks.com\.next\server\chunks\7721.js:1:3038)
    at Object.getItem (C:\mylivelinks.com\.next\server\chunks\7721.js:1:5701)
    at tS (C:\mylivelinks.com\.next\server\chunks\7857.js:24:42638)
    at r_._recoverAndRefresh (C:\mylivelinks.com\.next\server\chunks\7857.js:37:26478)
    at r_._initialize (C:\mylivelinks.com\.next\server\chunks\7857.js:24:71731)
    at C:\mylivelinks.com\.next\server\chunks\7857.js:24:70570 {
  description: "Route /api/blocks couldn't be rendered statically because it used `request.cookies`. See more info 
here: https://nextjs.org/docs/messages/dynamic-server-error",
  digest: 'DYNAMIC_SERVER_USAGE'
}
GET /api/blocks error: B [Error]: Dynamic server usage: Route /api/blocks couldn't be rendered statically because it 
used `request.cookies`. See more info here: https://nextjs.org/docs/messages/dynamic-server-error
    at V (C:\mylivelinks.com\node_modules\next\dist\compiled\next-server\app-route.runtime.prod.js:6:21778)
    at Object.get (C:\mylivelinks.com\node_modules\next\dist\compiled\next-server\app-route.runtime.prod.js:6:29465)
    at Object.get (C:\mylivelinks.com\.next\server\app\api\admin\roles\app-admin\route.js:1:2832)
    at e (C:\mylivelinks.com\.next\server\chunks\7721.js:1:2945)
    at o (C:\mylivelinks.com\.next\server\chunks\7721.js:1:3038)
    at Object.getItem (C:\mylivelinks.com\.next\server\chunks\7721.js:1:5701)
    at tS (C:\mylivelinks.com\.next\server\chunks\7857.js:24:42638)
    at r_.__loadSession (C:\mylivelinks.com\.next\server\chunks\7857.js:37:13054)
    at r_._useSession (C:\mylivelinks.com\.next\server\chunks\7857.js:37:12791)
    at r_._getUser (C:\mylivelinks.com\.next\server\chunks\7857.js:37:15123) {
  description: "Route /api/blocks couldn't be rendered statically because it used `request.cookies`. See more info 
here: https://nextjs.org/docs/messages/dynamic-server-error",
  digest: 'DYNAMIC_SERVER_USAGE'
}
B [Error]: Dynamic server usage: Route /api/gifter-levels/me couldn't be rendered statically because it used 
`request.cookies`. See more info here: https://nextjs.org/docs/messages/dynamic-server-error
    at V (C:\mylivelinks.com\node_modules\next\dist\compiled\next-server\app-route.runtime.prod.js:6:21778)
    at Object.get (C:\mylivelinks.com\node_modules\next\dist\compiled\next-server\app-route.runtime.prod.js:6:29465)
    at Object.get (C:\mylivelinks.com\.next\server\app\api\admin\roles\room\[roomId]\admin\route.js:1:2928)
    at e (C:\mylivelinks.com\.next\server\chunks\7721.js:1:2945)
    at o (C:\mylivelinks.com\.next\server\chunks\7721.js:1:3038)
    at Object.getItem (C:\mylivelinks.com\.next\server\chunks\7721.js:1:5701)
    at tS (C:\mylivelinks.com\.next\server\chunks\7857.js:24:42638)
    at r_._recoverAndRefresh (C:\mylivelinks.com\.next\server\chunks\7857.js:37:26478)
    at r_._initialize (C:\mylivelinks.com\.next\server\chunks\7857.js:24:71731)
    at C:\mylivelinks.com\.next\server\chunks\7857.js:24:70570 {
  description: "Route /api/gifter-levels/me couldn't be rendered statically because it used `request.cookies`. See 
more info here: https://nextjs.org/docs/messages/dynamic-server-error",
  digest: 'DYNAMIC_SERVER_USAGE'
}
[API] gifter-levels/me error: B [Error]: Dynamic server usage: Route /api/gifter-levels/me couldn't be rendered 
statically because it used `request.cookies`. See more info here: https://nextjs.org/docs/messages/dynamic-server-error
    at V (C:\mylivelinks.com\node_modules\next\dist\compiled\next-server\app-route.runtime.prod.js:6:21778)
    at Object.get (C:\mylivelinks.com\node_modules\next\dist\compiled\next-server\app-route.runtime.prod.js:6:29465)
    at Object.get (C:\mylivelinks.com\.next\server\app\api\admin\roles\room\[roomId]\admin\route.js:1:2928)
    at e (C:\mylivelinks.com\.next\server\chunks\7721.js:1:2945)
    at o (C:\mylivelinks.com\.next\server\chunks\7721.js:1:3038)
    at Object.getItem (C:\mylivelinks.com\.next\server\chunks\7721.js:1:5701)
    at tS (C:\mylivelinks.com\.next\server\chunks\7857.js:24:42638)
    at r_.__loadSession (C:\mylivelinks.com\.next\server\chunks\7857.js:37:13054)
    at r_._useSession (C:\mylivelinks.com\.next\server\chunks\7857.js:37:12791)
    at r_._getUser (C:\mylivelinks.com\.next\server\chunks\7857.js:37:15123) {
  description: "Route /api/gifter-levels/me couldn't be rendered statically because it used `request.cookies`. See 
more info here: https://nextjs.org/docs/messages/dynamic-server-error",
  digest: 'DYNAMIC_SERVER_USAGE'
}
B [Error]: Dynamic server usage: Route /api/messages couldn't be rendered statically because it used 
`request.cookies`. See more info here: https://nextjs.org/docs/messages/dynamic-server-error
    at V (C:\mylivelinks.com\node_modules\next\dist\compiled\next-server\app-route.runtime.prod.js:6:21778)
    at Object.get (C:\mylivelinks.com\node_modules\next\dist\compiled\next-server\app-route.runtime.prod.js:6:29465)
    at Object.get (C:\mylivelinks.com\.next\server\app\api\admin\analytics\reconcile\route.js:1:6484)
    at e (C:\mylivelinks.com\.next\server\chunks\7721.js:1:2945)
    at o (C:\mylivelinks.com\.next\server\chunks\7721.js:1:3038)
    at Object.getItem (C:\mylivelinks.com\.next\server\chunks\7721.js:1:5701)
    at tS (C:\mylivelinks.com\.next\server\chunks\7857.js:24:42638)
    at r_._recoverAndRefresh (C:\mylivelinks.com\.next\server\chunks\7857.js:37:26478)
    at r_._initialize (C:\mylivelinks.com\.next\server\chunks\7857.js:24:71731)
    at C:\mylivelinks.com\.next\server\chunks\7857.js:24:70570 {
  description: "Route /api/messages couldn't be rendered statically because it used `request.cookies`. See more info 
here: https://nextjs.org/docs/messages/dynamic-server-error",
  digest: 'DYNAMIC_SERVER_USAGE'
}
GET /api/messages error: B [Error]: Dynamic server usage: Route /api/messages couldn't be rendered statically because 
it used `request.cookies`. See more info here: https://nextjs.org/docs/messages/dynamic-server-error
    at V (C:\mylivelinks.com\node_modules\next\dist\compiled\next-server\app-route.runtime.prod.js:6:21778)
    at Object.get (C:\mylivelinks.com\node_modules\next\dist\compiled\next-server\app-route.runtime.prod.js:6:29465)
    at Object.get (C:\mylivelinks.com\.next\server\app\api\admin\analytics\reconcile\route.js:1:6484)
    at e (C:\mylivelinks.com\.next\server\chunks\7721.js:1:2945)
    at o (C:\mylivelinks.com\.next\server\chunks\7721.js:1:3038)
    at Object.getItem (C:\mylivelinks.com\.next\server\chunks\7721.js:1:5701)
    at tS (C:\mylivelinks.com\.next\server\chunks\7857.js:24:42638)
    at r_.__loadSession (C:\mylivelinks.com\.next\server\chunks\7857.js:37:13054)
    at r_._useSession (C:\mylivelinks.com\.next\server\chunks\7857.js:37:12791)
    at r_._getUser (C:\mylivelinks.com\.next\server\chunks\7857.js:37:15123) {
  description: "Route /api/messages couldn't be rendered statically because it used `request.cookies`. See more info 
here: https://nextjs.org/docs/messages/dynamic-server-error",
  digest: 'DYNAMIC_SERVER_USAGE'
}
B [Error]: Dynamic server usage: Route /api/gifter-status/me couldn't be rendered statically because it used 
`request.cookies`. See more info here: https://nextjs.org/docs/messages/dynamic-server-error
    at V (C:\mylivelinks.com\node_modules\next\dist\compiled\next-server\app-route.runtime.prod.js:6:21778)
    at Object.get (C:\mylivelinks.com\node_modules\next\dist\compiled\next-server\app-route.runtime.prod.js:6:29465)
    at Object.get (C:\mylivelinks.com\.next\server\chunks\8309.js:1:5771)
   Generating static pages (24/99) 
    at e (C:\mylivelinks.com\.next\server\chunks\7721.js:1:2945)
    at o (C:\mylivelinks.com\.next\server\chunks\7721.js:1:3038)
    at Object.getItem (C:\mylivelinks.com\.next\server\chunks\7721.js:1:5701)
    at tS (C:\mylivelinks.com\.next\server\chunks\7857.js:24:42638)
    at r_._recoverAndRefresh (C:\mylivelinks.com\.next\server\chunks\7857.js:37:26478)
    at r_._initialize (C:\mylivelinks.com\.next\server\chunks\7857.js:24:71731)
    at C:\mylivelinks.com\.next\server\chunks\7857.js:24:70570 {
  description: "Route /api/gifter-status/me couldn't be rendered statically because it used `request.cookies`. See 
more info here: https://nextjs.org/docs/messages/dynamic-server-error",
  digest: 'DYNAMIC_SERVER_USAGE'
}
[API] gifter-status/me error: B [Error]: Dynamic server usage: Route /api/gifter-status/me couldn't be rendered 
statically because it used `request.cookies`. See more info here: https://nextjs.org/docs/messages/dynamic-server-error
    at V (C:\mylivelinks.com\node_modules\next\dist\compiled\next-server\app-route.runtime.prod.js:6:21778)
    at Object.get (C:\mylivelinks.com\node_modules\next\dist\compiled\next-server\app-route.runtime.prod.js:6:29465)
    at Object.get (C:\mylivelinks.com\.next\server\chunks\8309.js:1:5771)
    at e (C:\mylivelinks.com\.next\server\chunks\7721.js:1:2945)
    at o (C:\mylivelinks.com\.next\server\chunks\7721.js:1:3038)
    at Object.getItem (C:\mylivelinks.com\.next\server\chunks\7721.js:1:5701)
    at tS (C:\mylivelinks.com\.next\server\chunks\7857.js:24:42638)
    at r_.__loadSession (C:\mylivelinks.com\.next\server\chunks\7857.js:37:13054)
    at r_._useSession (C:\mylivelinks.com\.next\server\chunks\7857.js:37:12791)
    at r_._getUser (C:\mylivelinks.com\.next\server\chunks\7857.js:37:15123) {
  description: "Route /api/gifter-status/me couldn't be rendered statically because it used `request.cookies`. See 
more info here: https://nextjs.org/docs/messages/dynamic-server-error",
  digest: 'DYNAMIC_SERVER_USAGE'
}
B [Error]: Dynamic server usage: Route /api/analytics/profile couldn't be rendered statically because it used 
`request.cookies`. See more info here: https://nextjs.org/docs/messages/dynamic-server-error
    at V (C:\mylivelinks.com\node_modules\next\dist\compiled\next-server\app-route.runtime.prod.js:6:21778)
    at Object.get (C:\mylivelinks.com\node_modules\next\dist\compiled\next-server\app-route.runtime.prod.js:6:29465)
    at Object.get (C:\mylivelinks.com\.next\server\app\api\admin\reports\route.js:1:7014)
    at e (C:\mylivelinks.com\.next\server\chunks\7721.js:1:2945)
    at o (C:\mylivelinks.com\.next\server\chunks\7721.js:1:3038)
    at Object.getItem (C:\mylivelinks.com\.next\server\chunks\7721.js:1:5701)
    at tS (C:\mylivelinks.com\.next\server\chunks\7857.js:24:42638)
    at r_._recoverAndRefresh (C:\mylivelinks.com\.next\server\chunks\7857.js:37:26478)
    at r_._initialize (C:\mylivelinks.com\.next\server\chunks\7857.js:24:71731)
    at C:\mylivelinks.com\.next\server\chunks\7857.js:24:70570 {
  description: "Route /api/analytics/profile couldn't be rendered statically because it used `request.cookies`. See 
more info here: https://nextjs.org/docs/messages/dynamic-server-error",
  digest: 'DYNAMIC_SERVER_USAGE'
}
GET /api/analytics/profile error: B [Error]: Dynamic server usage: Route /api/analytics/profile couldn't be rendered 
statically because it used `request.cookies`. See more info here: https://nextjs.org/docs/messages/dynamic-server-error
    at V (C:\mylivelinks.com\node_modules\next\dist\compiled\next-server\app-route.runtime.prod.js:6:21778)
    at Object.get (C:\mylivelinks.com\node_modules\next\dist\compiled\next-server\app-route.runtime.prod.js:6:29465)
    at Object.get (C:\mylivelinks.com\.next\server\app\api\admin\reports\route.js:1:7014)
    at e (C:\mylivelinks.com\.next\server\chunks\7721.js:1:2945)
    at o (C:\mylivelinks.com\.next\server\chunks\7721.js:1:3038)
    at Object.getItem (C:\mylivelinks.com\.next\server\chunks\7721.js:1:5701)
    at tS (C:\mylivelinks.com\.next\server\chunks\7857.js:24:42638)
    at r_.__loadSession (C:\mylivelinks.com\.next\server\chunks\7857.js:37:13054)
    at r_._useSession (C:\mylivelinks.com\.next\server\chunks\7857.js:37:12791)
    at r_._getUser (C:\mylivelinks.com\.next\server\chunks\7857.js:37:15123) {
  description: "Route /api/analytics/profile couldn't be rendered statically because it used `request.cookies`. See 
more info here: https://nextjs.org/docs/messages/dynamic-server-error",
  digest: 'DYNAMIC_SERVER_USAGE'
}
B [Error]: Dynamic server usage: Route /api/messages/conversations couldn't be rendered statically because it used 
`request.cookies`. See more info here: https://nextjs.org/docs/messages/dynamic-server-error
    at V (C:\mylivelinks.com\node_modules\next\dist\compiled\next-server\app-route.runtime.prod.js:6:21778)
    at Object.get (C:\mylivelinks.com\node_modules\next\dist\compiled\next-server\app-route.runtime.prod.js:6:29465)
    at Object.get (C:\mylivelinks.com\.next\server\app\api\admin\analytics\route.js:1:14661)
    at e (C:\mylivelinks.com\.next\server\chunks\7721.js:1:2945)
    at o (C:\mylivelinks.com\.next\server\chunks\7721.js:1:3038)
    at Object.getItem (C:\mylivelinks.com\.next\server\chunks\7721.js:1:5701)
    at tS (C:\mylivelinks.com\.next\server\chunks\7857.js:24:42638)
    at r_._recoverAndRefresh (C:\mylivelinks.com\.next\server\chunks\7857.js:37:26478)
    at r_._initialize (C:\mylivelinks.com\.next\server\chunks\7857.js:24:71731)
    at C:\mylivelinks.com\.next\server\chunks\7857.js:24:70570 {
  description: "Route /api/messages/conversations couldn't be rendered statically because it used `request.cookies`. 
See more info here: https://nextjs.org/docs/messages/dynamic-server-error",
  digest: 'DYNAMIC_SERVER_USAGE'
}
GET /api/messages/conversations error: B [Error]: Dynamic server usage: Route /api/messages/conversations couldn't be 
rendered statically because it used `request.cookies`. See more info here: 
https://nextjs.org/docs/messages/dynamic-server-error
    at V (C:\mylivelinks.com\node_modules\next\dist\compiled\next-server\app-route.runtime.prod.js:6:21778)
    at Object.get (C:\mylivelinks.com\node_modules\next\dist\compiled\next-server\app-route.runtime.prod.js:6:29465)
    at Object.get (C:\mylivelinks.com\.next\server\app\api\admin\analytics\route.js:1:14661)
    at e (C:\mylivelinks.com\.next\server\chunks\7721.js:1:2945)
    at o (C:\mylivelinks.com\.next\server\chunks\7721.js:1:3038)
    at Object.getItem (C:\mylivelinks.com\.next\server\chunks\7721.js:1:5701)
    at tS (C:\mylivelinks.com\.next\server\chunks\7857.js:24:42638)
    at r_.__loadSession (C:\mylivelinks.com\.next\server\chunks\7857.js:37:13054)
    at r_._useSession (C:\mylivelinks.com\.next\server\chunks\7857.js:37:12791)
    at r_._getUser (C:\mylivelinks.com\.next\server\chunks\7857.js:37:15123) {
  description: "Route /api/messages/conversations couldn't be rendered statically because it used `request.cookies`. 
See more info here: https://nextjs.org/docs/messages/dynamic-server-error",
  digest: 'DYNAMIC_SERVER_USAGE'
}
GET /api/analytics/public error: B [Error]: Dynamic server usage: Route /api/analytics/public couldn't be rendered 
statically because it used `request.url`. See more info here: https://nextjs.org/docs/messages/dynamic-server-error
    at V (C:\mylivelinks.com\node_modules\next\dist\compiled\next-server\app-route.runtime.prod.js:6:21778)
    at Object.get (C:\mylivelinks.com\node_modules\next\dist\compiled\next-server\app-route.runtime.prod.js:6:29465)
    at p (C:\mylivelinks.com\.next\server\app\api\analytics\public\route.js:1:858)
    at C:\mylivelinks.com\node_modules\next\dist\compiled\next-server\app-route.runtime.prod.js:6:38417
    at C:\mylivelinks.com\node_modules\next\dist\server\lib\trace\tracer.js:140:36
    at NoopContextManager.with (C:\mylivelinks.com\node_modules\next\dist\compiled\@opentelemetry\api\index.js:1:7062)
    at ContextAPI.with (C:\mylivelinks.com\node_modules\next\dist\compiled\@opentelemetry\api\index.js:1:518)
    at NoopTracer.startActiveSpan 
(C:\mylivelinks.com\node_modules\next\dist\compiled\@opentelemetry\api\index.js:1:18093)
    at ProxyTracer.startActiveSpan 
(C:\mylivelinks.com\node_modules\next\dist\compiled\@opentelemetry\api\index.js:1:18854)
    at C:\mylivelinks.com\node_modules\next\dist\server\lib\trace\tracer.js:122:103 {
  description: "Route /api/analytics/public couldn't be rendered statically because it used `request.url`. See more 
info here: https://nextjs.org/docs/messages/dynamic-server-error",
  digest: 'DYNAMIC_SERVER_USAGE'
}
B [Error]: Dynamic server usage: Route /api/analytics/public couldn't be rendered statically because it used 
`request.cookies`. See more info here: https://nextjs.org/docs/messages/dynamic-server-error
    at V (C:\mylivelinks.com\node_modules\next\dist\compiled\next-server\app-route.runtime.prod.js:6:21778)
    at Object.get (C:\mylivelinks.com\node_modules\next\dist\compiled\next-server\app-route.runtime.prod.js:6:29465)
    at Object.get (C:\mylivelinks.com\.next\server\app\api\admin\roles\room\[roomId]\admin\[adminId]\route.js:1:2908)
    at e (C:\mylivelinks.com\.next\server\chunks\7721.js:1:2945)
    at o (C:\mylivelinks.com\.next\server\chunks\7721.js:1:3038)
    at Object.getItem (C:\mylivelinks.com\.next\server\chunks\7721.js:1:5701)
    at tS (C:\mylivelinks.com\.next\server\chunks\7857.js:24:42638)
    at r_._recoverAndRefresh (C:\mylivelinks.com\.next\server\chunks\7857.js:37:26478)
    at r_._initialize (C:\mylivelinks.com\.next\server\chunks\7857.js:24:71731)
    at C:\mylivelinks.com\.next\server\chunks\7857.js:24:70570 {
  description: "Route /api/analytics/public couldn't be rendered statically because it used `request.cookies`. See 
more info here: https://nextjs.org/docs/messages/dynamic-server-error",
  digest: 'DYNAMIC_SERVER_USAGE'
}
[API /admin/me] Exception: B [Error]: Dynamic server usage: Route /api/admin/me couldn't be rendered statically 
because it used `request.headers`. See more info here: https://nextjs.org/docs/messages/dynamic-server-error
    at V (C:\mylivelinks.com\node_modules\next\dist\compiled\next-server\app-route.runtime.prod.js:6:21778)
    at Object.get (C:\mylivelinks.com\node_modules\next\dist\compiled\next-server\app-route.runtime.prod.js:6:29465)
    at o (C:\mylivelinks.com\.next\server\app\api\admin\live-streams\end-all\route.js:1:1868)
    at i (C:\mylivelinks.com\.next\server\app\api\admin\live-streams\end-all\route.js:1:2428)
    at o (C:\mylivelinks.com\.next\server\chunks\8309.js:1:1354)
    at n (C:\mylivelinks.com\.next\server\chunks\8309.js:1:1433)
    at u (C:\mylivelinks.com\.next\server\app\api\admin\me\route.js:1:838)
    at C:\mylivelinks.com\node_modules\next\dist\compiled\next-server\app-route.runtime.prod.js:6:38417
    at C:\mylivelinks.com\node_modules\next\dist\server\lib\trace\tracer.js:140:36
    at NoopContextManager.with (C:\mylivelinks.com\node_modules\next\dist\compiled\@opentelemetry\api\index.js:1:7062) 
{
  description: "Route /api/admin/me couldn't be rendered statically because it used `request.headers`. See more info 
here: https://nextjs.org/docs/messages/dynamic-server-error",
  digest: 'DYNAMIC_SERVER_USAGE'
}
   Generating static pages (49/99) 
Following API error: B [Error]: Dynamic server usage: Route /api/profile/following couldn't be rendered statically 
because it used `request.url`. See more info here: https://nextjs.org/docs/messages/dynamic-server-error
    at V (C:\mylivelinks.com\node_modules\next\dist\compiled\next-server\app-route.runtime.prod.js:6:21778)
    at Object.get (C:\mylivelinks.com\node_modules\next\dist\compiled\next-server\app-route.runtime.prod.js:6:29465)
    at u (C:\mylivelinks.com\.next\server\app\api\profile\following\route.js:1:573)
    at C:\mylivelinks.com\node_modules\next\dist\compiled\next-server\app-route.runtime.prod.js:6:38417
    at C:\mylivelinks.com\node_modules\next\dist\server\lib\trace\tracer.js:140:36
    at NoopContextManager.with (C:\mylivelinks.com\node_modules\next\dist\compiled\@opentelemetry\api\index.js:1:7062)
    at ContextAPI.with (C:\mylivelinks.com\node_modules\next\dist\compiled\@opentelemetry\api\index.js:1:518)
    at NoopTracer.startActiveSpan 
(C:\mylivelinks.com\node_modules\next\dist\compiled\@opentelemetry\api\index.js:1:18093)
    at ProxyTracer.startActiveSpan 
(C:\mylivelinks.com\node_modules\next\dist\compiled\@opentelemetry\api\index.js:1:18854)
    at C:\mylivelinks.com\node_modules\next\dist\server\lib\trace\tracer.js:122:103 {
  description: "Route /api/profile/following couldn't be rendered statically because it used `request.url`. See more 
info here: https://nextjs.org/docs/messages/dynamic-server-error",
  digest: 'DYNAMIC_SERVER_USAGE'
}
Followers API error: B [Error]: Dynamic server usage: Route /api/profile/followers couldn't be rendered statically 
because it used `request.url`. See more info here: https://nextjs.org/docs/messages/dynamic-server-error
    at V (C:\mylivelinks.com\node_modules\next\dist\compiled\next-server\app-route.runtime.prod.js:6:21778)
    at Object.get (C:\mylivelinks.com\node_modules\next\dist\compiled\next-server\app-route.runtime.prod.js:6:29465)
    at u (C:\mylivelinks.com\.next\server\app\api\profile\followers\route.js:1:573)
    at C:\mylivelinks.com\node_modules\next\dist\compiled\next-server\app-route.runtime.prod.js:6:38417
    at C:\mylivelinks.com\node_modules\next\dist\server\lib\trace\tracer.js:140:36
    at NoopContextManager.with (C:\mylivelinks.com\node_modules\next\dist\compiled\@opentelemetry\api\index.js:1:7062)
    at ContextAPI.with (C:\mylivelinks.com\node_modules\next\dist\compiled\@opentelemetry\api\index.js:1:518)
    at NoopTracer.startActiveSpan 
(C:\mylivelinks.com\node_modules\next\dist\compiled\@opentelemetry\api\index.js:1:18093)
    at ProxyTracer.startActiveSpan 
(C:\mylivelinks.com\node_modules\next\dist\compiled\@opentelemetry\api\index.js:1:18854)
    at C:\mylivelinks.com\node_modules\next\dist\server\lib\trace\tracer.js:122:103 {
  description: "Route /api/profile/followers couldn't be rendered statically because it used `request.url`. See more 
info here: https://nextjs.org/docs/messages/dynamic-server-error",
  digest: 'DYNAMIC_SERVER_USAGE'
}
Friends API error: B [Error]: Dynamic server usage: Route /api/profile/friends couldn't be rendered statically because 
it used `request.url`. See more info here: https://nextjs.org/docs/messages/dynamic-server-error
    at V (C:\mylivelinks.com\node_modules\next\dist\compiled\next-server\app-route.runtime.prod.js:6:21778)
    at Object.get (C:\mylivelinks.com\node_modules\next\dist\compiled\next-server\app-route.runtime.prod.js:6:29465)
    at u (C:\mylivelinks.com\.next\server\app\api\profile\friends\route.js:1:573)
    at C:\mylivelinks.com\node_modules\next\dist\compiled\next-server\app-route.runtime.prod.js:6:38417
    at C:\mylivelinks.com\node_modules\next\dist\server\lib\trace\tracer.js:140:36
    at NoopContextManager.with (C:\mylivelinks.com\node_modules\next\dist\compiled\@opentelemetry\api\index.js:1:7062)
    at ContextAPI.with (C:\mylivelinks.com\node_modules\next\dist\compiled\@opentelemetry\api\index.js:1:518)
    at NoopTracer.startActiveSpan 
(C:\mylivelinks.com\node_modules\next\dist\compiled\@opentelemetry\api\index.js:1:18093)
    at ProxyTracer.startActiveSpan 
(C:\mylivelinks.com\node_modules\next\dist\compiled\@opentelemetry\api\index.js:1:18854)
    at C:\mylivelinks.com\node_modules\next\dist\server\lib\trace\tracer.js:122:103 {
  description: "Route /api/profile/friends couldn't be rendered statically because it used `request.url`. See more 
info here: https://nextjs.org/docs/messages/dynamic-server-error",
  digest: 'DYNAMIC_SERVER_USAGE'
}
B [Error]: Dynamic server usage: Route /api/rooms couldn't be rendered statically because it used `request.cookies`. 
See more info here: https://nextjs.org/docs/messages/dynamic-server-error
    at V (C:\mylivelinks.com\node_modules\next\dist\compiled\next-server\app-route.runtime.prod.js:6:21778)
    at Object.get (C:\mylivelinks.com\node_modules\next\dist\compiled\next-server\app-route.runtime.prod.js:6:29465)
    at Object.get (C:\mylivelinks.com\.next\server\app\api\admin\roles\room\[roomId]\admin\route.js:1:2928)
    at e (C:\mylivelinks.com\.next\server\chunks\7721.js:1:2945)
    at o (C:\mylivelinks.com\.next\server\chunks\7721.js:1:3038)
    at Object.getItem (C:\mylivelinks.com\.next\server\chunks\7721.js:1:5701)
    at tS (C:\mylivelinks.com\.next\server\chunks\7857.js:24:42638)
    at r_._recoverAndRefresh (C:\mylivelinks.com\.next\server\chunks\7857.js:37:26478)
    at r_._initialize (C:\mylivelinks.com\.next\server\chunks\7857.js:24:71731)
    at C:\mylivelinks.com\.next\server\chunks\7857.js:24:70570 {
  description: "Route /api/rooms couldn't be rendered statically because it used `request.cookies`. See more info 
here: https://nextjs.org/docs/messages/dynamic-server-error",
  digest: 'DYNAMIC_SERVER_USAGE'
}
[API /rooms] Error fetching rooms: {
  message: "Error: Dynamic server usage: Route /api/rooms couldn't be rendered statically because it used 
`request.cookies`. See more info here: https://nextjs.org/docs/messages/dynamic-server-error",
  details: "Error: Dynamic server usage: Route /api/rooms couldn't be rendered statically because it used 
`request.cookies`. See more info here: https://nextjs.org/docs/messages/dynamic-server-error\n" +
    '    at V 
(C:\\mylivelinks.com\\node_modules\\next\\dist\\compiled\\next-server\\app-route.runtime.prod.js:6:21778)\n' +
    '    at Object.get 
(C:\\mylivelinks.com\\node_modules\\next\\dist\\compiled\\next-server\\app-route.runtime.prod.js:6:29465)\n' +
    '    at Object.get 
(C:\\mylivelinks.com\\.next\\server\\app\\api\\admin\\roles\\room\\[roomId]\\admin\\route.js:1:2928)\n' +
    '    at e (C:\\mylivelinks.com\\.next\\server\\chunks\\7721.js:1:2945)\n' +
    '    at o (C:\\mylivelinks.com\\.next\\server\\chunks\\7721.js:1:3038)\n' +
    '    at Object.getItem (C:\\mylivelinks.com\\.next\\server\\chunks\\7721.js:1:5701)\n' +
    '    at tS (C:\\mylivelinks.com\\.next\\server\\chunks\\7857.js:24:42638)\n' +
    '    at r_.__loadSession (C:\\mylivelinks.com\\.next\\server\\chunks\\7857.js:37:13054)\n' +
    '    at r_._useSession (C:\\mylivelinks.com\\.next\\server\\chunks\\7857.js:37:12791)\n' +
    '    at C:\\mylivelinks.com\\.next\\server\\chunks\\7857.js:37:11861',
  hint: '',
  code: ''
}
[API] transactions error: B [Error]: Dynamic server usage: Route /api/transactions couldn't be rendered statically 
because it used `request.url`. See more info here: https://nextjs.org/docs/messages/dynamic-server-error
    at V (C:\mylivelinks.com\node_modules\next\dist\compiled\next-server\app-route.runtime.prod.js:6:21778)
    at Object.get (C:\mylivelinks.com\node_modules\next\dist\compiled\next-server\app-route.runtime.prod.js:6:29465)
    at u (C:\mylivelinks.com\.next\server\app\api\transactions\route.js:1:979)
    at C:\mylivelinks.com\node_modules\next\dist\compiled\next-server\app-route.runtime.prod.js:6:38417
    at C:\mylivelinks.com\node_modules\next\dist\server\lib\trace\tracer.js:140:36
    at NoopContextManager.with (C:\mylivelinks.com\node_modules\next\dist\compiled\@opentelemetry\api\index.js:1:7062)
    at ContextAPI.with (C:\mylivelinks.com\node_modules\next\dist\compiled\@opentelemetry\api\index.js:1:518)
    at NoopTracer.startActiveSpan 
(C:\mylivelinks.com\node_modules\next\dist\compiled\@opentelemetry\api\index.js:1:18093)
    at ProxyTracer.startActiveSpan 
(C:\mylivelinks.com\node_modules\next\dist\compiled\@opentelemetry\api\index.js:1:18854)
    at C:\mylivelinks.com\node_modules\next\dist\server\lib\trace\tracer.js:122:103 {
  description: "Route /api/transactions couldn't be rendered statically because it used `request.url`. See more info 
here: https://nextjs.org/docs/messages/dynamic-server-error",
  digest: 'DYNAMIC_SERVER_USAGE'
}
[API] wallet error: B [Error]: Dynamic server usage: Route /api/wallet couldn't be rendered statically because it used 
`request.headers`. See more info here: https://nextjs.org/docs/messages/dynamic-server-error
    at V (C:\mylivelinks.com\node_modules\next\dist\compiled\next-server\app-route.runtime.prod.js:6:21778)
    at Object.get (C:\mylivelinks.com\node_modules\next\dist\compiled\next-server\app-route.runtime.prod.js:6:29465)
    at i (C:\mylivelinks.com\.next\server\app\api\admin\analytics\route.js:1:10344)
    at o (C:\mylivelinks.com\.next\server\app\api\admin\analytics\route.js:1:10904)
    at l (C:\mylivelinks.com\.next\server\app\api\wallet\route.js:1:838)
    at C:\mylivelinks.com\node_modules\next\dist\compiled\next-server\app-route.runtime.prod.js:6:38417
    at C:\mylivelinks.com\node_modules\next\dist\server\lib\trace\tracer.js:140:36
    at NoopContextManager.with (C:\mylivelinks.com\node_modules\next\dist\compiled\@opentelemetry\api\index.js:1:7062)
    at ContextAPI.with (C:\mylivelinks.com\node_modules\next\dist\compiled\@opentelemetry\api\index.js:1:518)
    at NoopTracer.startActiveSpan 
(C:\mylivelinks.com\node_modules\next\dist\compiled\@opentelemetry\api\index.js:1:18093) {
  description: "Route /api/wallet couldn't be rendered statically because it used `request.headers`. See more info 
here: https://nextjs.org/docs/messages/dynamic-server-error",
  digest: 'DYNAMIC_SERVER_USAGE'
}
[API] user-analytics error: B [Error]: Dynamic server usage: Route /api/user-analytics couldn't be rendered statically 
because it used `request.url`. See more info here: https://nextjs.org/docs/messages/dynamic-server-error
    at V (C:\mylivelinks.com\node_modules\next\dist\compiled\next-server\app-route.runtime.prod.js:6:21778)
    at Object.get (C:\mylivelinks.com\node_modules\next\dist\compiled\next-server\app-route.runtime.prod.js:6:29465)
    at d (C:\mylivelinks.com\.next\server\app\api\user-analytics\route.js:1:845)
    at C:\mylivelinks.com\node_modules\next\dist\compiled\next-server\app-route.runtime.prod.js:6:38417
    at C:\mylivelinks.com\node_modules\next\dist\server\lib\trace\tracer.js:140:36
    at NoopContextManager.with (C:\mylivelinks.com\node_modules\next\dist\compiled\@opentelemetry\api\index.js:1:7062)
    at ContextAPI.with (C:\mylivelinks.com\node_modules\next\dist\compiled\@opentelemetry\api\index.js:1:518)
    at NoopTracer.startActiveSpan 
(C:\mylivelinks.com\node_modules\next\dist\compiled\@opentelemetry\api\index.js:1:18093)
    at ProxyTracer.startActiveSpan 
(C:\mylivelinks.com\node_modules\next\dist\compiled\@opentelemetry\api\index.js:1:18854)
    at C:\mylivelinks.com\node_modules\next\dist\server\lib\trace\tracer.js:122:103 {
  description: "Route /api/user-analytics couldn't be rendered statically because it used `request.url`. See more info 
here: https://nextjs.org/docs/messages/dynamic-server-error",
  digest: 'DYNAMIC_SERVER_USAGE'
}
B [Error]: Dynamic server usage: Route /api/rooms/interests couldn't be rendered statically because it used 
`request.cookies`. See more info here: https://nextjs.org/docs/messages/dynamic-server-error
    at V (C:\mylivelinks.com\node_modules\next\dist\compiled\next-server\app-route.runtime.prod.js:6:21778)
    at Object.get (C:\mylivelinks.com\node_modules\next\dist\compiled\next-server\app-route.runtime.prod.js:6:29465)
    at Object.get (C:\mylivelinks.com\.next\server\app\api\admin\roles\room\[roomId]\moderator\[modId]\route.js:1:2924)
    at e (C:\mylivelinks.com\.next\server\chunks\7721.js:1:2945)
    at o (C:\mylivelinks.com\.next\server\chunks\7721.js:1:3038)
    at Object.getItem (C:\mylivelinks.com\.next\server\chunks\7721.js:1:5701)
    at tS (C:\mylivelinks.com\.next\server\chunks\7857.js:24:42638)
    at r_._recoverAndRefresh (C:\mylivelinks.com\.next\server\chunks\7857.js:37:26478)
    at r_._initialize (C:\mylivelinks.com\.next\server\chunks\7857.js:24:71731)
    at C:\mylivelinks.com\.next\server\chunks\7857.js:24:70570 {
  description: "Route /api/rooms/interests couldn't be rendered statically because it used `request.cookies`. See more 
info here: https://nextjs.org/docs/messages/dynamic-server-error",
  digest: 'DYNAMIC_SERVER_USAGE'
}
[API /rooms/interests] Exception: B [Error]: Dynamic server usage: Route /api/rooms/interests couldn't be rendered 
statically because it used `request.cookies`. See more info here: https://nextjs.org/docs/messages/dynamic-server-error
    at V (C:\mylivelinks.com\node_modules\next\dist\compiled\next-server\app-route.runtime.prod.js:6:21778)
    at Object.get (C:\mylivelinks.com\node_modules\next\dist\compiled\next-server\app-route.runtime.prod.js:6:29465)
    at Object.get (C:\mylivelinks.com\.next\server\app\api\admin\roles\room\[roomId]\moderator\[modId]\route.js:1:2924)
    at e (C:\mylivelinks.com\.next\server\chunks\7721.js:1:2945)
    at o (C:\mylivelinks.com\.next\server\chunks\7721.js:1:3038)
    at Object.getItem (C:\mylivelinks.com\.next\server\chunks\7721.js:1:5701)
    at tS (C:\mylivelinks.com\.next\server\chunks\7857.js:24:42638)
    at r_.__loadSession (C:\mylivelinks.com\.next\server\chunks\7857.js:37:13054)
    at r_._useSession (C:\mylivelinks.com\.next\server\chunks\7857.js:37:12791)
    at r_._getUser (C:\mylivelinks.com\.next\server\chunks\7857.js:37:15123) {
  description: "Route /api/rooms/interests couldn't be rendered statically because it used `request.cookies`. See more 
info here: https://nextjs.org/docs/messages/dynamic-server-error",
  digest: 'DYNAMIC_SERVER_USAGE'
}
[API /admin/roles] Exception: B [Error]: Dynamic server usage: Route /api/admin/roles couldn't be rendered statically 
because it used `request.headers`. See more info here: https://nextjs.org/docs/messages/dynamic-server-error
    at V (C:\mylivelinks.com\node_modules\next\dist\compiled\next-server\app-route.runtime.prod.js:6:21778)
    at Object.get (C:\mylivelinks.com\node_modules\next\dist\compiled\next-server\app-route.runtime.prod.js:6:29465)
    at o (C:\mylivelinks.com\.next\server\app\api\admin\applications\route.js:1:2565)
    at i (C:\mylivelinks.com\.next\server\app\api\admin\applications\route.js:1:3125)
    at o (C:\mylivelinks.com\.next\server\chunks\8309.js:1:1354)
    at c (C:\mylivelinks.com\.next\server\chunks\8309.js:1:1930)
    at m (C:\mylivelinks.com\.next\server\app\api\admin\roles\route.js:1:854)
    at C:\mylivelinks.com\node_modules\next\dist\compiled\next-server\app-route.runtime.prod.js:6:38417
    at C:\mylivelinks.com\node_modules\next\dist\server\lib\trace\tracer.js:140:36
    at NoopContextManager.with (C:\mylivelinks.com\node_modules\next\dist\compiled\@opentelemetry\api\index.js:1:7062) 
{
  description: "Route /api/admin/roles couldn't be rendered statically because it used `request.headers`. See more 
info here: https://nextjs.org/docs/messages/dynamic-server-error",
  digest: 'DYNAMIC_SERVER_USAGE'
}
   Generating static pages (74/99) 
 Γ£ô Generating static pages (99/99)
   Finalizing page optimization ...
   Collecting build traces ...

Route (app)                                           Size     First Load JS
Γöî Γùï /                                                 12.3 kB         180 kB
Γö£ Γùï /_not-found                                       876 B          88.3 kB
Γö£ ╞Æ /[username]                                       19.3 kB         281 kB
Γö£ ╞Æ /[username]/feed                                  7.24 kB         103 kB
Γö£ ╞Æ /[username]/photos                                5.46 kB        96.1 kB
Γö£ Γùï /admin/applications                               3.5 kB          171 kB
Γö£ Γùï /admin/gifts                                      5.3 kB          164 kB
Γö£ Γùï /admin/moderation                                 3.95 kB         172 kB
Γö£ ╞Æ /api/admin/analytics                              0 B                0 B
Γö£ ╞Æ /api/admin/analytics/overview                     0 B                0 B
Γö£ ╞Æ /api/admin/analytics/reconcile                    0 B                0 B
Γö£ ╞Æ /api/admin/analytics/timeseries/coins             0 B                0 B
Γö£ ╞Æ /api/admin/analytics/timeseries/revenue           0 B                0 B
Γö£ ╞Æ /api/admin/analytics/top-buyers                   0 B                0 B
Γö£ ╞Æ /api/admin/analytics/top-earners                  0 B                0 B
Γö£ ╞Æ /api/admin/app-admins                             0 B                0 B
Γö£ ╞Æ /api/admin/applications                           0 B                0 B
Γö£ ╞Æ /api/admin/applications/decide                    0 B                0 B
Γö£ ╞Æ /api/admin/end-streams                            0 B                0 B
Γö£ ╞Æ /api/admin/gifts                                  0 B                0 B
Γö£ ╞Æ /api/admin/live-streams                           0 B                0 B
Γö£ ╞Æ /api/admin/live-streams/end                       0 B                0 B
Γö£ ╞Æ /api/admin/live-streams/end-all                   0 B                0 B
Γö£ ╞Æ /api/admin/me                                     0 B                0 B
Γö£ ╞Æ /api/admin/overview                               0 B                0 B
Γö£ ╞Æ /api/admin/reports                                0 B                0 B
Γö£ ╞Æ /api/admin/reports/resolve                        0 B                0 B
Γö£ ╞Æ /api/admin/roles                                  0 B                0 B
Γö£ ╞Æ /api/admin/roles/app-admin                        0 B                0 B
Γö£ ╞Æ /api/admin/roles/app-admin/[adminId]              0 B                0 B
Γö£ ╞Æ /api/admin/roles/room/[roomId]/admin              0 B                0 B
Γö£ ╞Æ /api/admin/roles/room/[roomId]/admin/[adminId]    0 B                0 B
Γö£ ╞Æ /api/admin/roles/room/[roomId]/moderator          0 B                0 B
Γö£ ╞Æ /api/admin/roles/room/[roomId]/moderator/[modId]  0 B                0 B
Γö£ ╞Æ /api/admin/rooms                                  0 B                0 B
Γö£ ╞Æ /api/admin/rooms/[roomId]                         0 B                0 B
Γö£ ╞Æ /api/admin/rooms/[roomId]/admins                  0 B                0 B
Γö£ ╞Æ /api/admin/rooms/[roomId]/banner-upload-url       0 B                0 B
Γö£ ╞Æ /api/admin/rooms/[roomId]/moderators              0 B                0 B
Γö£ ╞Æ /api/admin/rooms/[roomId]/roles                   0 B                0 B
Γö£ ╞Æ /api/admin/settings                               0 B                0 B
Γö£ ╞Æ /api/admin/templates                              0 B                0 B
Γö£ ╞Æ /api/admin/templates/[templateId]                 0 B                0 B
Γö£ ╞Æ /api/admin/transactions                           0 B                0 B
Γö£ ╞Æ /api/admin/users                                  0 B                0 B
Γö£ ╞Æ /api/admin/users/search                           0 B                0 B
Γö£ ╞Æ /api/adult/consent                                0 B                0 B
Γö£ ╞Æ /api/adult/flag-link                              0 B                0 B
Γö£ ╞Æ /api/adult/link-click                             0 B                0 B
Γö£ ╞Æ /api/analytics/me                                 0 B                0 B
Γö£ ╞Æ /api/analytics/profile                            0 B                0 B
Γö£ ╞Æ /api/analytics/public                             0 B                0 B
Γö£ ╞Æ /api/blocks                                       0 B                0 B
Γö£ ╞Æ /api/cashout/request                              0 B                0 B
Γö£ ╞Æ /api/coins/confirm                                0 B                0 B
Γö£ ╞Æ /api/coins/create-checkout                        0 B                0 B
Γö£ ╞Æ /api/coins/packs                                  0 B                0 B
Γö£ ╞Æ /api/comments/[commentId]/gift                    0 B                0 B
Γö£ ╞Æ /api/connect/onboard                              0 B                0 B
Γö£ ╞Æ /api/connect/status                               0 B                0 B
Γö£ ╞Æ /api/feed                                         0 B                0 B
Γö£ Γùï /api/gifter-levels                                0 B                0 B
Γö£ ╞Æ /api/gifter-levels/me                             0 B                0 B
Γö£ ╞Æ /api/gifter-status                                0 B                0 B
Γö£ ╞Æ /api/gifter-status/batch                          0 B                0 B
Γö£ ╞Æ /api/gifter-status/me                             0 B                0 B
Γö£ ╞Æ /api/gifts/send                                   0 B                0 B
Γö£ Γùï /api/livekit/check                                0 B                0 B
Γö£ ╞Æ /api/livekit/token                                0 B                0 B
Γö£ ╞Æ /api/livekit/webhook                              0 B                0 B
Γö£ ╞Æ /api/messages                                     0 B                0 B
Γö£ ╞Æ /api/messages/conversation                        0 B                0 B
Γö£ ╞Æ /api/messages/conversations                       0 B                0 B
Γö£ ╞Æ /api/messages/seen                                0 B                0 B
Γö£ ╞Æ /api/messages/send                                0 B                0 B
Γö£ ╞Æ /api/messages/send-gift                           0 B                0 B
Γö£ ╞Æ /api/messages/upload-url                          0 B                0 B
Γö£ ╞Æ /api/og                                           0 B                0 B
Γö£ ╞Æ /api/og/profile                                   0 B                0 B
Γö£ ╞Æ /api/posts                                        0 B                0 B
Γö£ ╞Æ /api/posts/[postId]/comments                      0 B                0 B
Γö£ ╞Æ /api/posts/[postId]/gift                          0 B                0 B
Γö£ ╞Æ /api/profile/[username]                           0 B                0 B
Γö£ ╞Æ /api/profile/change-username                      0 B                0 B
Γö£ ╞Æ /api/profile/customize                            0 B                0 B
Γö£ ╞Æ /api/profile/follow                               0 B                0 B
Γö£ ╞Æ /api/profile/followers                            0 B                0 B
Γö£ ╞Æ /api/profile/following                            0 B                0 B
Γö£ ╞Æ /api/profile/friends                              0 B                0 B
Γö£ ╞Æ /api/profile/link-click                           0 B                0 B
Γö£ ╞Æ /api/profile/links                                0 B                0 B
Γö£ ╞Æ /api/reports/create                               0 B                0 B
Γö£ ╞Æ /api/room-presence/remove                         0 B                0 B
Γö£ ╞Æ /api/rooms                                        0 B                0 B
Γö£ ╞Æ /api/rooms/[roomId]/interest                      0 B                0 B
Γö£ ╞Æ /api/rooms/[roomId]/status                        0 B                0 B
Γö£ ╞Æ /api/rooms/interests                              0 B                0 B
Γö£ ╞Æ /api/stream-cleanup                               0 B                0 B
Γö£ ╞Æ /api/stripe/webhook                               0 B                0 B
Γö£ ╞Æ /api/transactions                                 0 B                0 B
Γö£ ╞Æ /api/user-analytics                               0 B                0 B
Γö£ ╞Æ /api/wallet                                       0 B                0 B
Γö£ Γùï /apply                                            1.91 kB         161 kB
Γö£ Γùï /feed                                             4.82 kB         109 kB
Γö£ Γùï /gifter-levels                                    3.51 kB         175 kB
Γö£ Γùï /leaderboards                                     867 B          88.3 kB
Γö£ Γùï /live                                             54.3 kB         343 kB
Γö£ Γùï /login                                            5.85 kB         161 kB
Γö£ ╞Æ /me/analytics                                     5.08 kB         118 kB
Γö£ Γùï /messages                                         2.95 kB         178 kB
Γö£ Γùï /onboarding                                       6.88 kB         162 kB
Γö£ ╞Æ /owner                                            17.1 kB         162 kB
Γö£ ╞Æ /owner/analytics                                  5.85 kB         101 kB
Γö£ ╞Æ /owner/rooms                                      5.27 kB         123 kB
Γö£ ╞Æ /owner/rooms/[roomId]                             7.45 kB         173 kB
Γö£ ╞Æ /owner/rooms/new                                  7.92 kB         149 kB
Γö£ ╞Æ /owner/templates                                  4.41 kB         118 kB
Γö£ ╞Æ /owner/templates/[templateId]                     179 B           102 kB
Γö£ ╞Æ /owner/templates/new                              229 B           102 kB
Γö£ ╞Æ /owner/users/[profileId]/analytics                5.58 kB         101 kB
Γö£ Γùï /rooms                                            4.5 kB          168 kB
Γö£ Γùï /settings/profile                                 8.28 kB         164 kB
Γö£ Γùï /settings/username                                2.44 kB         161 kB
Γö£ Γùï /signup                                           5.53 kB         169 kB
Γö£ ╞Æ /u/[username]/analytics                           3.98 kB         153 kB
Γö£ Γùï /ui-kit                                           7.95 kB         104 kB
Γöö Γùï /wallet                                           6.63 kB         169 kB
+ First Load JS shared by all                         87.4 kB
  Γö£ chunks/2117-3ec42cb259f96ad5.js                   31.7 kB
  Γö£ chunks/fd9d1056-001a8561697faaa8.js               53.6 kB
  Γöö other shared chunks (total)                       2.06 kB


╞Æ Middleware                                          73.3 kB

Γùï  (Static)   prerendered as static content
╞Æ  (Dynamic)  server-rendered on demand

